Component: ARM Compiler 5.06 update 7 (build 960) Tool: armlink [4d3601]

==============================================================================

Section Cross References

    startup_stm32f103xb.o(STACK) refers (Special) to heapauxi.o(.text) for __use_two_region_memory
    startup_stm32f103xb.o(HEAP) refers (Special) to heapauxi.o(.text) for __use_two_region_memory
    startup_stm32f103xb.o(RESET) refers (Special) to heapauxi.o(.text) for __use_two_region_memory
    startup_stm32f103xb.o(RESET) refers to startup_stm32f103xb.o(STACK) for __initial_sp
    startup_stm32f103xb.o(RESET) refers to startup_stm32f103xb.o(.text) for Reset_Handler
    startup_stm32f103xb.o(RESET) refers to stm32f1xx_it.o(i.NMI_Handler) for NMI_Handler
    startup_stm32f103xb.o(RESET) refers to stm32f1xx_it.o(i.HardFault_Handler) for HardFault_Handler
    startup_stm32f103xb.o(RESET) refers to stm32f1xx_it.o(i.MemManage_Handler) for MemManage_Handler
    startup_stm32f103xb.o(RESET) refers to stm32f1xx_it.o(i.BusFault_Handler) for BusFault_Handler
    startup_stm32f103xb.o(RESET) refers to stm32f1xx_it.o(i.UsageFault_Handler) for UsageFault_Handler
    startup_stm32f103xb.o(RESET) refers to stm32f1xx_it.o(i.SVC_Handler) for SVC_Handler
    startup_stm32f103xb.o(RESET) refers to stm32f1xx_it.o(i.DebugMon_Handler) for DebugMon_Handler
    startup_stm32f103xb.o(RESET) refers to stm32f1xx_it.o(i.PendSV_Handler) for PendSV_Handler
    startup_stm32f103xb.o(RESET) refers to stm32f1xx_it.o(i.SysTick_Handler) for SysTick_Handler
    startup_stm32f103xb.o(RESET) refers to stm32f1xx_it.o(i.USB_LP_CAN1_RX0_IRQHandler) for USB_LP_CAN1_RX0_IRQHandler
    startup_stm32f103xb.o(RESET) refers to stm32f1xx_it.o(i.USART2_IRQHandler) for USART2_IRQHandler
    startup_stm32f103xb.o(.text) refers (Special) to heapauxi.o(.text) for __use_two_region_memory
    startup_stm32f103xb.o(.text) refers to system_stm32f1xx.o(i.SystemInit) for SystemInit
    startup_stm32f103xb.o(.text) refers to __main.o(!!!main) for __main
    startup_stm32f103xb.o(.text) refers to startup_stm32f103xb.o(HEAP) for Heap_Mem
    startup_stm32f103xb.o(.text) refers to startup_stm32f103xb.o(STACK) for Stack_Mem
    main.o(i.MX_GPIO_Init) refers to stm32f1xx_hal_gpio.o(i.HAL_GPIO_WritePin) for HAL_GPIO_WritePin
    main.o(i.MX_GPIO_Init) refers to stm32f1xx_hal_gpio.o(i.HAL_GPIO_Init) for HAL_GPIO_Init
    main.o(i.MX_USART2_UART_Init) refers to stm32f1xx_hal_uart.o(i.HAL_UART_Init) for HAL_UART_Init
    main.o(i.MX_USART2_UART_Init) refers to main.o(i.Error_Handler) for Error_Handler
    main.o(i.MX_USART2_UART_Init) refers to main.o(.bss) for huart2
    main.o(i.SystemClock_Config) refers to rt_memclr_w.o(.text) for __aeabi_memclr4
    main.o(i.SystemClock_Config) refers to stm32f1xx_hal_rcc.o(i.HAL_RCC_OscConfig) for HAL_RCC_OscConfig
    main.o(i.SystemClock_Config) refers to main.o(i.Error_Handler) for Error_Handler
    main.o(i.SystemClock_Config) refers to stm32f1xx_hal_rcc.o(i.HAL_RCC_ClockConfig) for HAL_RCC_ClockConfig
    main.o(i.SystemClock_Config) refers to stm32f1xx_hal_rcc_ex.o(i.HAL_RCCEx_PeriphCLKConfig) for HAL_RCCEx_PeriphCLKConfig
    main.o(i.main) refers to stm32f1xx_hal.o(i.HAL_Init) for HAL_Init
    main.o(i.main) refers to main.o(i.SystemClock_Config) for SystemClock_Config
    main.o(i.main) refers to main.o(i.MX_GPIO_Init) for MX_GPIO_Init
    main.o(i.main) refers to main.o(i.MX_USART2_UART_Init) for MX_USART2_UART_Init
    main.o(i.main) refers to usb_device.o(i.MX_USB_DEVICE_Init) for MX_USB_DEVICE_Init
    main.o(i.usb_irq_parser) refers to usbd_cdc_if.o(i.CDC_Transmit_FS) for CDC_Transmit_FS
    main.o(i.usb_irq_parser) refers to stm32f1xx_hal_gpio.o(i.HAL_GPIO_TogglePin) for HAL_GPIO_TogglePin
    main.o(i.usb_irq_parser) refers to stm32f1xx_hal_gpio.o(i.HAL_GPIO_WritePin) for HAL_GPIO_WritePin
    main.o(i.usb_irq_parser) refers to rt_memcpy_w.o(.text) for __aeabi_memcpy4
    main.o(i.usb_irq_parser) refers to main.o(.bss) for USB_RX_MASS
    main.o(i.usb_irq_parser) refers to main.o(.data) for usb_parcel_counter
    stm32f1xx_it.o(i.SysTick_Handler) refers to stm32f1xx_hal.o(i.HAL_IncTick) for HAL_IncTick
    stm32f1xx_it.o(i.USART2_IRQHandler) refers to stm32f1xx_hal_uart.o(i.HAL_UART_IRQHandler) for HAL_UART_IRQHandler
    stm32f1xx_it.o(i.USART2_IRQHandler) refers to main.o(.bss) for huart2
    stm32f1xx_it.o(i.USB_LP_CAN1_RX0_IRQHandler) refers to stm32f1xx_hal_pcd.o(i.HAL_PCD_IRQHandler) for HAL_PCD_IRQHandler
    stm32f1xx_it.o(i.USB_LP_CAN1_RX0_IRQHandler) refers to main.o(i.xor_handler) for xor_handler
    stm32f1xx_it.o(i.USB_LP_CAN1_RX0_IRQHandler) refers to main.o(i.usb_irq_parser) for usb_irq_parser
    stm32f1xx_it.o(i.USB_LP_CAN1_RX0_IRQHandler) refers to rt_memclr.o(.text) for __aeabi_memclr
    stm32f1xx_it.o(i.USB_LP_CAN1_RX0_IRQHandler) refers to usbd_conf.o(.bss) for hpcd_USB_FS
    stm32f1xx_it.o(i.USB_LP_CAN1_RX0_IRQHandler) refers to main.o(.data) for usb_parcel_counter
[...]
    CDC_Init_FS                              0x08000451   Thumb Code    24  usbd_cdc_if.o(i.CDC_Init_FS)
    i.CDC_Receive_FS                         0x08000474   Section        0  usbd_cdc_if.o(i.CDC_Receive_FS)
    CDC_Receive_FS                           0x08000475   Thumb Code    52  usbd_cdc_if.o(i.CDC_Receive_FS)
    i.CDC_Transmit_FS                        0x080004b4   Section        0  usbd_cdc_if.o(i.CDC_Transmit_FS)
    i.DebugMon_Handler                       0x080004ec   Section        0  stm32f1xx_it.o(i.DebugMon_Handler)
    i.Error_Handler                          0x080004ee   Section        0  main.o(i.Error_Handler)
    i.Get_SerialNum                          0x080004f4   Section        0  usbd_desc.o(i.Get_SerialNum)
    Get_SerialNum                            0x080004f5   Thumb Code    42  usbd_desc.o(i.Get_SerialNum)
    i.HAL_DMA_Abort                          0x08000528   Section        0  stm32f1xx_hal_dma.o(i.HAL_DMA_Abort)
    i.HAL_DMA_Abort_IT                       0x08000580   Section        0  stm32f1xx_hal_dma.o(i.HAL_DMA_Abort_IT)
    i.HAL_GPIO_Init                          0x08000630   Section        0  stm32f1xx_hal_gpio.o(i.HAL_GPIO_Init)
    i.HAL_GPIO_TogglePin                     0x08000950   Section        0  stm32f1xx_hal_gpio.o(i.HAL_GPIO_TogglePin)
    i.HAL_GPIO_WritePin                      0x08000964   Section        0  stm32f1xx_hal_gpio.o(i.HAL_GPIO_WritePin)
    i.HAL_GetTick                            0x08000970   Section        0  stm32f1xx_hal.o(i.HAL_GetTick)
    i.HAL_IncTick                            0x0800097c   Section        0  stm32f1xx_hal.o(i.HAL_IncTick)
    i.HAL_Init                               0x08000994   Section        0  stm32f1xx_hal.o(i.HAL_Init)
    i.HAL_InitTick                           0x080009bc   Section        0  stm32f1xx_hal.o(i.HAL_InitTick)
    i.HAL_MspInit                            0x08000a08   Section        0  stm32f1xx_hal_msp.o(i.HAL_MspInit)
    i.HAL_NVIC_EnableIRQ                     0x08000a5c   Section        0  stm32f1xx_hal_cortex.o(i.HAL_NVIC_EnableIRQ)
    i.HAL_NVIC_SetPriority                   0x08000a7c   Section        0  stm32f1xx_hal_cortex.o(i.HAL_NVIC_SetPriority)
    i.HAL_NVIC_SetPriorityGrouping           0x08000af8   Section        0  stm32f1xx_hal_cortex.o(i.HAL_NVIC_SetPriorityGrouping)
    i.HAL_PCDEx_PMAConfig                    0x08000b20   Section        0  stm32f1xx_hal_pcd_ex.o(i.HAL_PCDEx_PMAConfig)
    i.HAL_PCDEx_SetConnectionState           0x08000b64   Section        0  usbd_conf.o(i.HAL_PCDEx_SetConnectionState)
    i.HAL_PCD_DataInStageCallback            0x08000b66   Section        0  usbd_conf.o(i.HAL_PCD_DataInStageCallback)
    i.HAL_PCD_DataOutStageCallback           0x08000b86   Section        0  usbd_conf.o(i.HAL_PCD_DataOutStageCallback)
    i.HAL_PCD_EP_Close                       0x08000ba6   Section        0  stm32f1xx_hal_pcd.o(i.HAL_PCD_EP_Close)
    i.HAL_PCD_EP_ClrStall                    0x08000c10   Section        0  stm32f1xx_hal_pcd.o(i.HAL_PCD_EP_ClrStall)
    i.HAL_PCD_EP_DB_Receive                  0x08000c8c   Section        0  stm32f1xx_hal_pcd.o(i.HAL_PCD_EP_DB_Receive)
    HAL_PCD_EP_DB_Receive                    0x08000c8d   Thumb Code   344  stm32f1xx_hal_pcd.o(i.HAL_PCD_EP_DB_Receive)
    i.HAL_PCD_EP_DB_Transmit                 0x08000de4   Section        0  stm32f1xx_hal_pcd.o(i.HAL_PCD_EP_DB_Transmit)
    HAL_PCD_EP_DB_Transmit                   0x08000de5   Thumb Code  1320  stm32f1xx_hal_pcd.o(i.HAL_PCD_EP_DB_Transmit)
    i.HAL_PCD_EP_GetRxCount                  0x0800130c   Section        0  stm32f1xx_hal_pcd.o(i.HAL_PCD_EP_GetRxCount)
    i.HAL_PCD_EP_Open                        0x08001322   Section        0  stm32f1xx_hal_pcd.o(i.HAL_PCD_EP_Open)
    i.HAL_PCD_EP_Receive                     0x080013ae   Section        0  stm32f1xx_hal_pcd.o(i.HAL_PCD_EP_Receive)
    i.HAL_PCD_EP_SetStall                    0x080013fa   Section        0  stm32f1xx_hal_pcd.o(i.HAL_PCD_EP_SetStall)
    i.HAL_PCD_EP_Transmit                    0x08001482   Section        0  stm32f1xx_hal_pcd.o(i.HAL_PCD_EP_Transmit)
    i.HAL_PCD_IRQHandler                     0x080014d8   Section        0  stm32f1xx_hal_pcd.o(i.HAL_PCD_IRQHandler)
    i.HAL_PCD_Init                           0x080016ba   Section        0  stm32f1xx_hal_pcd.o(i.HAL_PCD_Init)
    i.HAL_PCD_MspInit                        0x08001814   Section        0  usbd_conf.o(i.HAL_PCD_MspInit)
    i.HAL_PCD_ResetCallback                  0x08001858   Section        0  usbd_conf.o(i.HAL_PCD_ResetCallback)
    i.HAL_PCD_ResumeCallback                 0x0800187c   Section        0  usbd_conf.o(i.HAL_PCD_ResumeCallback)
    i.HAL_PCD_SOFCallback                    0x0800188a   Section        0  usbd_conf.o(i.HAL_PCD_SOFCallback)
    i.HAL_PCD_SetAddress                     0x08001898   Section        0  stm32f1xx_hal_pcd.o(i.HAL_PCD_SetAddress)
    i.HAL_PCD_SetupStageCallback             0x080018ce   Section        0  usbd_conf.o(i.HAL_PCD_SetupStageCallback)
    i.HAL_PCD_Start                          0x080018e0   Section        0  stm32f1xx_hal_pcd.o(i.HAL_PCD_Start)
    i.HAL_PCD_SuspendCallback                0x0800191c   Section        0  usbd_conf.o(i.HAL_PCD_SuspendCallback)
    i.HAL_RCCEx_PeriphCLKConfig              0x08001940   Section        0  stm32f1xx_hal_rcc_ex.o(i.HAL_RCCEx_PeriphCLKConfig)
    i.HAL_RCC_ClockConfig                    0x08001a70   Section        0  stm32f1xx_hal_rcc.o(i.HAL_RCC_ClockConfig)
    i.HAL_RCC_GetHCLKFreq                    0x08001bfc   Section        0  stm32f1xx_hal_rcc.o(i.HAL_RCC_GetHCLKFreq)
    i.HAL_RCC_GetPCLK1Freq                   0x08001c08   Section        0  stm32f1xx_hal_rcc.o(i.HAL_RCC_GetPCLK1Freq)
    i.HAL_RCC_GetPCLK2Freq                   0x08001c28   Section        0  stm32f1xx_hal_rcc.o(i.HAL_RCC_GetPCLK2Freq)
    i.HAL_RCC_GetSysClockFreq                0x08001c48   Section        0  stm32f1xx_hal_rcc.o(i.HAL_RCC_GetSysClockFreq)
    i.HAL_RCC_OscConfig                      0x08001cdc   Section        0  stm32f1xx_hal_rcc.o(i.HAL_RCC_OscConfig)
    i.HAL_SYSTICK_Config                     0x08002140   Section        0  stm32f1xx_hal_cortex.o(i.HAL_SYSTICK_Config)
    i.HAL_UARTEx_RxEventCallback             0x08002174   Section        0  stm32f1xx_hal_uart.o(i.HAL_UARTEx_RxEventCallback)
    i.HAL_UART_ErrorCallback                 0x08002176   Section        0  stm32f1xx_hal_uart.o(i.HAL_UART_ErrorCallback)
    i.HAL_UART_IRQHandler                    0x08002178   Section        0  stm32f1xx_hal_uart.o(i.HAL_UART_IRQHandler)
    i.HAL_UART_Init                          0x080023c4   Section        0  stm32f1xx_hal_uart.o(i.HAL_UART_Init)
    i.HAL_UART_MspInit                       0x08002438   Section        0  stm32f1xx_hal_msp.o(i.HAL_UART_MspInit)
    i.HAL_UART_RxCpltCallback                0x080024cc   Section        0  stm32f1xx_hal_uart.o(i.HAL_UART_RxCpltCallback)
    i.HAL_UART_TxCpltCallback                0x080024ce   Section        0  stm32f1xx_hal_uart.o(i.HAL_UART_TxCpltCallback)
    i.HardFault_Handler                      0x080024d0   Section        0  stm32f1xx_it.o(i.HardFault_Handler)
    i.IntToUnicode                           0x080024d4   Section        0  usbd_desc.o(i.IntToUnicode)
    IntToUnicode                             0x080024d5   Thumb Code    62  usbd_desc.o(i.IntToUnicode)
    i.MX_GPIO_Init                           0x08002514   Section        0  main.o(i.MX_GPIO_Init)
    MX_GPIO_Init                             0x08002515   Thumb Code   220  main.o(i.MX_GPIO_Init)
    i.MX_USART2_UART_Init                    0x08002600   Section        0  main.o(i.MX_USART2_UART_Init)
    MX_USART2_UART_Init                      0x08002601   Thumb Code    46  main.o(i.MX_USART2_UART_Init)
    i.MX_USB_DEVICE_Init                     0x08002638   Section        0  usb_device.o(i.MX_USB_DEVICE_Init)
    i.MemManage_Handler                      0x08002684   Section        0  stm32f1xx_it.o(i.MemManage_Handler)
    i.NMI_Handler                            0x08002688   Section        0  stm32f1xx_it.o(i.NMI_Handler)
    i.PCD_EP_ISR_Handler                     0x0800268c   Section        0  stm32f1xx_hal_pcd.o(i.PCD_EP_ISR_Handler)
    PCD_EP_ISR_Handler                       0x0800268d   Thumb Code  1010  stm32f1xx_hal_pcd.o(i.PCD_EP_ISR_Handler)
    i.PendSV_Handler                         0x08002a7e   Section        0  stm32f1xx_it.o(i.PendSV_Handler)
    i.RCC_Delay                              0x08002a80   Section        0  stm32f1xx_hal_rcc.o(i.RCC_Delay)
    RCC_Delay                                0x08002a81   Thumb Code    36  stm32f1xx_hal_rcc.o(i.RCC_Delay)
    i.SVC_Handler                            0x08002aa8   Section        0  stm32f1xx_it.o(i.SVC_Handler)
    i.SysTick_Handler                        0x08002aaa   Section        0  stm32f1xx_it.o(i.SysTick_Handler)
    i.SystemClock_Config                     0x08002ab2   Section        0  main.o(i.SystemClock_Config)
    i.SystemInit                             0x08002b36   Section        0  system_stm32f1xx.o(i.SystemInit)
    i.UART_DMAAbortOnError                   0x08002b38   Section        0  stm32f1xx_hal_uart.o(i.UART_DMAAbortOnError)
    UART_DMAAbortOnError                     0x08002b39   Thumb Code    20  stm32f1xx_hal_uart.o(i.UART_DMAAbortOnError)
    i.UART_EndRxTransfer                     0x08002b4c   Section        0  stm32f1xx_hal_uart.o(i.UART_EndRxTransfer)
    UART_EndRxTransfer                       0x08002b4d   Thumb Code    54  stm32f1xx_hal_uart.o(i.UART_EndRxTransfer)
    i.UART_EndTransmit_IT                    0x08002b82   Section        0  stm32f1xx_hal_uart.o(i.UART_EndTransmit_IT)
    UART_EndTransmit_IT                      0x08002b83   Thumb Code    32  stm32f1xx_hal_uart.o(i.UART_EndTransmit_IT)
    i.UART_Receive_IT                        0x08002ba2   Section        0  stm32f1xx_hal_uart.o(i.UART_Receive_IT)
    UART_Receive_IT                          0x08002ba3   Thumb Code   228  stm32f1xx_hal_uart.o(i.UART_Receive_IT)
    i.UART_SetConfig                         0x08002c88   Section        0  stm32f1xx_hal_uart.o(i.UART_SetConfig)
    UART_SetConfig                           0x08002c89   Thumb Code   248  stm32f1xx_hal_uart.o(i.UART_SetConfig)
    i.UART_Transmit_IT                       0x08002d84   Section        0  stm32f1xx_hal_uart.o(i.UART_Transmit_IT)
    UART_Transmit_IT                         0x08002d85   Thumb Code    96  stm32f1xx_hal_uart.o(i.UART_Transmit_IT)
    i.USART2_IRQHandler                      0x08002de4   Section        0  stm32f1xx_it.o(i.USART2_IRQHandler)
    i.USBD_CDC_DataIn                        0x08002df4   Section        0  usbd_cdc.o(i.USBD_CDC_DataIn)
    USBD_CDC_DataIn                          0x08002df5   Thumb Code   124  usbd_cdc.o(i.USBD_CDC_DataIn)
    i.USBD_CDC_DataOut                       0x08002e70   Section        0  usbd_cdc.o(i.USBD_CDC_DataOut)
    USBD_CDC_DataOut                         0x08002e71   Thumb Code    52  usbd_cdc.o(i.USBD_CDC_DataOut)
    i.USBD_CDC_DeInit                        0x08002ea4   Section        0  usbd_cdc.o(i.USBD_CDC_DeInit)
    USBD_CDC_DeInit                          0x08002ea5   Thumb Code    78  usbd_cdc.o(i.USBD_CDC_DeInit)
    i.USBD_CDC_EP0_RxReady                   0x08002ef2   Section        0  usbd_cdc.o(i.USBD_CDC_EP0_RxReady)
    USBD_CDC_EP0_RxReady                     0x08002ef3   Thumb Code    50  usbd_cdc.o(i.USBD_CDC_EP0_RxReady)
    i.USBD_CDC_GetDeviceQualifierDescriptor  0x08002f24   Section        0  usbd_cdc.o(i.USBD_CDC_GetDeviceQualifierDescriptor)
    i.USBD_CDC_GetFSCfgDesc                  0x08002f34   Section        0  usbd_cdc.o(i.USBD_CDC_GetFSCfgDesc)
    USBD_CDC_GetFSCfgDesc                    0x08002f35   Thumb Code    10  usbd_cdc.o(i.USBD_CDC_GetFSCfgDesc)
    i.USBD_CDC_GetHSCfgDesc                  0x08002f44   Section        0  usbd_cdc.o(i.USBD_CDC_GetHSCfgDesc)
    USBD_CDC_GetHSCfgDesc                    0x08002f45   Thumb Code    10  usbd_cdc.o(i.USBD_CDC_GetHSCfgDesc)
    i.USBD_CDC_GetOtherSpeedCfgDesc          0x08002f54   Section        0  usbd_cdc.o(i.USBD_CDC_GetOtherSpeedCfgDesc)
    USBD_CDC_GetOtherSpeedCfgDesc            0x08002f55   Thumb Code    10  usbd_cdc.o(i.USBD_CDC_GetOtherSpeedCfgDesc)
    i.USBD_CDC_Init                          0x08002f64   Section        0  usbd_cdc.o(i.USBD_CDC_Init)
    USBD_CDC_Init                            0x08002f65   Thumb Code   184  usbd_cdc.o(i.USBD_CDC_Init)
    i.USBD_CDC_ReceivePacket                 0x0800301c   Section        0  usbd_cdc.o(i.USBD_CDC_ReceivePacket)
    i.USBD_CDC_RegisterInterface             0x08003056   Section        0  usbd_cdc.o(i.USBD_CDC_RegisterInterface)
    i.USBD_CDC_SetRxBuffer                   0x08003064   Section        0  usbd_cdc.o(i.USBD_CDC_SetRxBuffer)
    i.USBD_CDC_SetTxBuffer                   0x08003072   Section        0  usbd_cdc.o(i.USBD_CDC_SetTxBuffer)
    i.USBD_CDC_Setup                         0x08003086   Section        0  usbd_cdc.o(i.USBD_CDC_Setup)
    USBD_CDC_Setup                           0x08003087   Thumb Code   244  usbd_cdc.o(i.USBD_CDC_Setup)
    i.USBD_CDC_TransmitPacket                0x0800317a   Section        0  usbd_cdc.o(i.USBD_CDC_TransmitPacket)
    i.USBD_ClrClassConfig                    0x080031b8   Section        0  usbd_core.o(i.USBD_ClrClassConfig)
    i.USBD_ClrFeature                        0x080031ce   Section        0  usbd_ctlreq.o(i.USBD_ClrFeature)
    USBD_ClrFeature                          0x080031cf   Thumb Code    62  usbd_ctlreq.o(i.USBD_ClrFeature)
    i.USBD_CtlContinueRx                     0x0800320c   Section        0  usbd_ioreq.o(i.USBD_CtlContinueRx)
    i.USBD_CtlContinueSendData               0x08003224   Section        0  usbd_ioreq.o(i.USBD_CtlContinueSendData)
    i.USBD_CtlError                          0x0800323c   Section        0  usbd_ctlreq.o(i.USBD_CtlError)
    i.USBD_CtlPrepareRx                      0x08003254   Section        0  usbd_ioreq.o(i.USBD_CtlPrepareRx)
    i.USBD_CtlReceiveStatus                  0x0800327c   Section        0  usbd_ioreq.o(i.USBD_CtlReceiveStatus)
    i.USBD_CtlSendData                       0x08003296   Section        0  usbd_ioreq.o(i.USBD_CtlSendData)
    i.USBD_CtlSendStatus                     0x080032b8   Section        0  usbd_ioreq.o(i.USBD_CtlSendStatus)
    i.USBD_FS_ConfigStrDescriptor            0x080032d4   Section        0  usbd_desc.o(i.USBD_FS_ConfigStrDescriptor)
    i.USBD_FS_DeviceDescriptor               0x08003308   Section        0  usbd_desc.o(i.USBD_FS_DeviceDescriptor)
    i.USBD_FS_InterfaceStrDescriptor         0x08003318   Section        0  usbd_desc.o(i.USBD_FS_InterfaceStrDescriptor)
    i.USBD_FS_LangIDStrDescriptor            0x08003350   Section        0  usbd_desc.o(i.USBD_FS_LangIDStrDescriptor)
    i.USBD_FS_ManufacturerStrDescriptor      0x08003360   Section        0  usbd_desc.o(i.USBD_FS_ManufacturerStrDescriptor)
    i.USBD_FS_ProductStrDescriptor           0x0800338c   Section        0  usbd_desc.o(i.USBD_FS_ProductStrDescriptor)
    i.USBD_FS_SerialStrDescriptor            0x080033cc   Section        0  usbd_desc.o(i.USBD_FS_SerialStrDescriptor)
    i.USBD_GetConfig                         0x080033e4   Section        0  usbd_ctlreq.o(i.USBD_GetConfig)
    USBD_GetConfig                           0x080033e5   Thumb Code    86  usbd_ctlreq.o(i.USBD_GetConfig)
    i.USBD_GetDescriptor                     0x0800343a   Section        0  usbd_ctlreq.o(i.USBD_GetDescriptor)
    USBD_GetDescriptor                       0x0800343b   Thumb Code   500  usbd_ctlreq.o(i.USBD_GetDescriptor)
    i.USBD_GetLen                            0x0800362e   Section        0  usbd_ctlreq.o(i.USBD_GetLen)
    USBD_GetLen                              0x0800362f   Thumb Code    20  usbd_ctlreq.o(i.USBD_GetLen)
    i.USBD_GetStatus                         0x08003642   Section        0  usbd_ctlreq.o(i.USBD_GetStatus)
    USBD_GetStatus                           0x08003643   Thumb Code    90  usbd_ctlreq.o(i.USBD_GetStatus)
    i.USBD_GetString                         0x0800369c   Section        0  usbd_ctlreq.o(i.USBD_GetString)
    i.USBD_Get_USB_Status                    0x080036ee   Section        0  usbd_conf.o(i.USBD_Get_USB_Status)
    USBD_Get_USB_Status                      0x080036ef   Thumb Code    44  usbd_conf.o(i.USBD_Get_USB_Status)
    i.USBD_Init                              0x0800371a   Section        0  usbd_core.o(i.USBD_Init)
    i.USBD_LL_ClearStallEP                   0x0800374c   Section        0  usbd_conf.o(i.USBD_LL_ClearStallEP)
    i.USBD_LL_CloseEP                        0x08003772   Section        0  usbd_conf.o(i.USBD_LL_CloseEP)
    i.USBD_LL_DataInStage                    0x08003798   Section        0  usbd_core.o(i.USBD_LL_DataInStage)
    i.USBD_LL_DataOutStage                   0x08003898   Section        0  usbd_core.o(i.USBD_LL_DataOutStage)
    i.USBD_LL_GetRxDataSize                  0x0800393e   Section        0  usbd_conf.o(i.USBD_LL_GetRxDataSize)
    i.USBD_LL_Init                           0x08003950   Section        0  usbd_conf.o(i.USBD_LL_Init)
    i.USBD_LL_IsStallEP                      0x080039d4   Section        0  usbd_conf.o(i.USBD_LL_IsStallEP)
    i.USBD_LL_OpenEP                         0x08003a0c   Section        0  usbd_conf.o(i.USBD_LL_OpenEP)
    i.USBD_LL_PrepareReceive                 0x08003a3c   Section        0  usbd_conf.o(i.USBD_LL_PrepareReceive)
    i.USBD_LL_Reset                          0x08003a6c   Section        0  usbd_core.o(i.USBD_LL_Reset)
    i.USBD_LL_Resume                         0x08003ac8   Section        0  usbd_core.o(i.USBD_LL_Resume)
    i.USBD_LL_SOF                            0x08003ade   Section        0  usbd_core.o(i.USBD_LL_SOF)
    i.USBD_LL_SetSpeed                       0x08003b00   Section        0  usbd_core.o(i.USBD_LL_SetSpeed)
    i.USBD_LL_SetUSBAddress                  0x08003b08   Section        0  usbd_conf.o(i.USBD_LL_SetUSBAddress)
    i.USBD_LL_SetupStage                     0x08003b2e   Section        0  usbd_core.o(i.USBD_LL_SetupStage)
    i.USBD_LL_StallEP                        0x08003b9c   Section        0  usbd_conf.o(i.USBD_LL_StallEP)
    i.USBD_LL_Start                          0x08003bc2   Section        0  usbd_conf.o(i.USBD_LL_Start)
    i.USBD_LL_Suspend                        0x08003be0   Section        0  usbd_core.o(i.USBD_LL_Suspend)
    i.USBD_LL_Transmit                       0x08003bf4   Section        0  usbd_conf.o(i.USBD_LL_Transmit)
    i.USBD_ParseSetupRequest                 0x08003c24   Section        0  usbd_ctlreq.o(i.USBD_ParseSetupRequest)
    i.USBD_RegisterClass                     0x08003c4c   Section        0  usbd_core.o(i.USBD_RegisterClass)
    i.USBD_RunTestMode                       0x08003c5c   Section        0  usbd_core.o(i.USBD_RunTestMode)
    i.USBD_SetAddress                        0x08003c62   Section        0  usbd_ctlreq.o(i.USBD_SetAddress)
    USBD_SetAddress                          0x08003c63   Thumb Code    90  usbd_ctlreq.o(i.USBD_SetAddress)
    i.USBD_SetClassConfig                    0x08003cbc   Section        0  usbd_core.o(i.USBD_SetClassConfig)
    i.USBD_SetConfig                         0x08003ce0   Section        0  usbd_ctlreq.o(i.USBD_SetConfig)
    USBD_SetConfig                           0x08003ce1   Thumb Code   228  usbd_ctlreq.o(i.USBD_SetConfig)
    i.USBD_SetFeature                        0x08003dc8   Section        0  usbd_ctlreq.o(i.USBD_SetFeature)
    USBD_SetFeature                          0x08003dc9   Thumb Code    24  usbd_ctlreq.o(i.USBD_SetFeature)
    i.USBD_Start                             0x08003de0   Section        0  usbd_core.o(i.USBD_Start)
    i.USBD_StdDevReq                         0x08003dee   Section        0  usbd_ctlreq.o(i.USBD_StdDevReq)
    i.USBD_StdEPReq                          0x08003e90   Section        0  usbd_ctlreq.o(i.USBD_StdEPReq)
    i.USBD_StdItfReq                         0x080040c8   Section        0  usbd_ctlreq.o(i.USBD_StdItfReq)
    i.USBD_static_free                       0x08004146   Section        0  usbd_conf.o(i.USBD_static_free)
    i.USBD_static_malloc                     0x08004148   Section        0  usbd_conf.o(i.USBD_static_malloc)
    i.USB_ActivateEndpoint                   0x08004154   Section        0  stm32f1xx_ll_usb.o(i.USB_ActivateEndpoint)
    i.USB_CoreInit                           0x080045a0   Section        0  stm32f1xx_ll_usb.o(i.USB_CoreInit)
    i.USB_DeactivateEndpoint                 0x080045a8   Section        0  stm32f1xx_ll_usb.o(i.USB_DeactivateEndpoint)
    i.USB_DevConnect                         0x08004824   Section        0  stm32f1xx_ll_usb.o(i.USB_DevConnect)
    i.USB_DevDisconnect                      0x0800482a   Section        0  stm32f1xx_ll_usb.o(i.USB_DevDisconnect)
    i.USB_DevInit                            0x08004830   Section        0  stm32f1xx_ll_usb.o(i.USB_DevInit)
    i.USB_DisableGlobalInt                   0x08004846   Section        0  stm32f1xx_ll_usb.o(i.USB_DisableGlobalInt)
    i.USB_EP0_OutStart                       0x0800485a   Section        0  stm32f1xx_ll_usb.o(i.USB_EP0_OutStart)
    i.USB_EPClearStall                       0x08004860   Section        0  stm32f1xx_ll_usb.o(i.USB_EPClearStall)
    i.USB_EPSetStall                         0x0800493a   Section        0  stm32f1xx_ll_usb.o(i.USB_EPSetStall)
    i.USB_EPStartXfer                        0x08004996   Section        0  stm32f1xx_ll_usb.o(i.USB_EPStartXfer)
    i.USB_EnableGlobalInt                    0x08005520   Section        0  stm32f1xx_ll_usb.o(i.USB_EnableGlobalInt)
    i.USB_LP_CAN1_RX0_IRQHandler             0x08005534   Section        0  stm32f1xx_it.o(i.USB_LP_CAN1_RX0_IRQHandler)
    i.USB_ReadInterrupts                     0x0800559c   Section        0  stm32f1xx_ll_usb.o(i.USB_ReadInterrupts)
    i.USB_ReadPMA                            0x080055a4   Section        0  stm32f1xx_ll_usb.o(i.USB_ReadPMA)
    i.USB_SetCurrentMode                     0x080055ee   Section        0  stm32f1xx_ll_usb.o(i.USB_SetCurrentMode)
    i.USB_SetDevAddress                      0x080055f4   Section        0  stm32f1xx_ll_usb.o(i.USB_SetDevAddress)
    i.USB_WritePMA                           0x08005602   Section        0  stm32f1xx_ll_usb.o(i.USB_WritePMA)
    i.UsageFault_Handler                     0x08005644   Section        0  stm32f1xx_it.o(i.UsageFault_Handler)
    i.__NVIC_GetPriorityGrouping             0x08005648   Section        0  stm32f1xx_hal_cortex.o(i.__NVIC_GetPriorityGrouping)
    __NVIC_GetPriorityGrouping               0x08005649   Thumb Code    10  stm32f1xx_hal_cortex.o(i.__NVIC_GetPriorityGrouping)
    i.__NVIC_SetPriority                     0x08005658   Section        0  stm32f1xx_hal_cortex.o(i.__NVIC_SetPriority)
    __NVIC_SetPriority                       0x08005659   Thumb Code    32  stm32f1xx_hal_cortex.o(i.__NVIC_SetPriority)
    i.main                                   0x08005680   Section        0  main.o(i.main)
    i.usb_irq_parser                         0x08005698   Section        0  main.o(i.usb_irq_parser)
    i.xor_handler                            0x08005770   Section        0  main.o(i.xor_handler)
    .constdata                               0x08005798   Section       24  system_stm32f1xx.o(.constdata)
    .data                                    0x20000000   Section       12  main.o(.data)
    .data                                    0x2000000c   Section        9  stm32f1xx_hal.o(.data)
    .data                                    0x20000018   Section        4  system_stm32f1xx.o(.data)
    .data                                    0x2000001c   Section       78  usbd_desc.o(.data)
    .data                                    0x2000006c   Section       16  usbd_cdc_if.o(.data)
    .data                                    0x2000007c   Section        1  usbd_ctlreq.o(.data)
    cfgidx                                   0x2000007c   Data           1  usbd_ctlreq.o(.data)
    .data                                    0x20000080   Section      271  usbd_cdc.o(.data)
    USBD_CDC_DeviceQualifierDesc             0x20000080   Data          10  usbd_cdc.o(.data)
    .bss                                     0x20000190   Section     2068  main.o(.bss)
    .bss                                     0x200009a4   Section      708  usb_device.o(.bss)
    .bss                                     0x20000c68   Section      512  usbd_desc.o(.bss)
    .bss                                     0x20000e68   Section     2000  usbd_cdc_if.o(.bss)
    .bss                                     0x20001638   Section     1292  usbd_conf.o(.bss)
    mem                                      0x20001924   Data         544  usbd_conf.o(.bss)
    .bss                                     0x20001b44   Section       96  libspace.o(.bss)
    HEAP                                     0x20001ba8   Section      512  startup_stm32f103xb.o(HEAP)
    Heap_Mem                                 0x20001ba8   Data         512  startup_stm32f103xb.o(HEAP)
    STACK                                    0x20001da8   Section     1024  startup_stm32f103xb.o(STACK)
    Stack_Mem                                0x20001da8   Data        1024  startup_stm32f103xb.o(STACK)
    __initial_sp                             0x200021a8   Data           0  startup_stm32f103xb.o(STACK)

    Global Symbols

    Symbol Name                              Value     Ov Type        Size  Object(Section)

    BuildAttributes$$THM_ISAv4$P$D$K$B$S$PE$A:L22UL41UL21$X:L11$S22US41US21$IEEE1$IW$USESV6$~STKCKD$USESV7$~SHL$OSPACE$ROPI$EBA8$UX$STANDARDLIB$REQ8$PRES8$EABIv2 0x00000000   Number         0  anon$$obj.o ABSOLUTE
    __ARM_use_no_argv                        0x00000000   Number         0  main.o ABSOLUTE
    __ARM_exceptions_init                     - Undefined Weak Reference
    __alloca_initialize                       - Undefined Weak Reference
    __arm_fini_                               - Undefined Weak Reference
    __arm_preinit_                            - Undefined Weak Reference
    __cpp_initialize__aeabi_                  - Undefined Weak Reference
    __cxa_finalize                            - Undefined Weak Reference
    __rt_locale                               - Undefined Weak Reference
    __sigvec_lookup                           - Undefined Weak Reference
    _atexit_init                              - Undefined Weak Reference
    _call_atexit_fns                          - Undefined Weak Reference
    _clock_init                               - Undefined Weak Reference
    _fp_trap_init                             - Undefined Weak Reference
    _fp_trap_shutdown                         - Undefined Weak Reference
    _get_lc_collate                           - Undefined Weak Reference
    _get_lc_ctype                             - Undefined Weak Reference
    _get_lc_monetary                          - Undefined Weak Reference
    _get_lc_numeric                           - Undefined Weak Reference
    _get_lc_time                              - Undefined Weak Reference
    _getenv_init                              - Undefined Weak Reference
    _handle_redirection                       - Undefined Weak Reference
    _init_alloc                               - Undefined Weak Reference
    _init_user_alloc                          - Undefined Weak Reference
    _initio                                   - Undefined Weak Reference
    _rand_init                                - Undefined Weak Reference
    _signal_finish                            - Undefined Weak Reference
    _signal_init                              - Undefined Weak Reference
    _terminate_alloc                          - Undefined Weak Reference
    _terminate_user_alloc                     - Undefined Weak Reference
    _terminateio                              - Undefined Weak Reference
    __Vectors_Size                           0x000000ec   Number         0  startup_stm32f103xb.o ABSOLUTE
    __Vectors                                0x08000000   Data           4  startup_stm32f103xb.o(RESET)
    __Vectors_End                            0x080000ec   Data           0  startup_stm32f103xb.o(RESET)
    __main                                   0x080000ed   Thumb Code     8  __main.o(!!!main)
    __scatterload                            0x080000f5   Thumb Code     0  __scatter.o(!!!scatter)
    __scatterload_rt2                        0x080000f5   Thumb Code    44  __scatter.o(!!!scatter)
    __scatterload_rt2_thumb_only             0x080000f5   Thumb Code     0  __scatter.o(!!!scatter)
    __scatterload_null                       0x08000103   Thumb Code     0  __scatter.o(!!!scatter)
    __decompress                             0x08000129   Thumb Code    90  __dczerorl2.o(!!dczerorl2)
    __decompress1                            0x08000129   Thumb Code     0  __dczerorl2.o(!!dczerorl2)
    __scatterload_zeroinit                   0x08000185   Thumb Code    28  __scatter_zi.o(!!handler_zi)
    __rt_lib_init                            0x080001a1   Thumb Code     0  libinit.o(.ARM.Collect$$libinit$$00000000)
    __rt_lib_init_alloca_1                   0x080001a3   Thumb Code     0  libinit2.o(.ARM.Collect$$libinit$$0000002E)
    __rt_lib_init_argv_1                     0x080001a3   Thumb Code     0  libinit2.o(.ARM.Collect$$libinit$$0000002C)
    __rt_lib_init_atexit_1                   0x080001a3   Thumb Code     0  libinit2.o(.ARM.Collect$$libinit$$0000001B)
    __rt_lib_init_clock_1                    0x080001a3   Thumb Code     0  libinit2.o(.ARM.Collect$$libinit$$00000021)
    __rt_lib_init_cpp_1                      0x080001a3   Thumb Code     0  libinit2.o(.ARM.Collect$$libinit$$00000032)
    __rt_lib_init_exceptions_1               0x080001a3   Thumb Code     0  libinit2.o(.ARM.Collect$$libinit$$00000030)
    __rt_lib_init_fp_1                       0x080001a3   Thumb Code     0  libinit2.o(.ARM.Collect$$libinit$$00000002)
    __rt_lib_init_fp_trap_1                  0x080001a3   Thumb Code     0  libinit2.o(.ARM.Collect$$libinit$$0000001F)
    __rt_lib_init_getenv_1                   0x080001a3   Thumb Code     0  libinit2.o(.ARM.Collect$$libinit$$00000023)
    __rt_lib_init_heap_1                     0x080001a3   Thumb Code     0  libinit2.o(.ARM.Collect$$libinit$$0000000A)
    __rt_lib_init_lc_collate_1               0x080001a3   Thumb Code     0  libinit2.o(.ARM.Collect$$libinit$$00000011)
    __rt_lib_init_lc_ctype_1                 0x080001a3   Thumb Code     0  libinit2.o(.ARM.Collect$$libinit$$00000013)
    __rt_lib_init_lc_monetary_1              0x080001a3   Thumb Code     0  libinit2.o(.ARM.Collect$$libinit$$00000015)
    __rt_lib_init_lc_numeric_1               0x080001a3   Thumb Code     0  libinit2.o(.ARM.Collect$$libinit$$00000017)
    __rt_lib_init_lc_time_1                  0x080001a3   Thumb Code     0  libinit2.o(.ARM.Collect$$libinit$$00000019)
    __rt_lib_init_preinit_1                  0x080001a3   Thumb Code     0  libinit2.o(.ARM.Collect$$libinit$$00000004)
    __rt_lib_init_rand_1                     0x080001a3   Thumb Code     0  libinit2.o(.ARM.Collect$$libinit$$0000000E)
    __rt_lib_init_return                     0x080001a3   Thumb Code     0  libinit2.o(.ARM.Collect$$libinit$$00000033)
    __rt_lib_init_signal_1                   0x080001a3   Thumb Code     0  libinit2.o(.ARM.Collect$$libinit$$0000001D)
    __rt_lib_init_stdio_1                    0x080001a3   Thumb Code     0  libinit2.o(.ARM.Collect$$libinit$$00000025)
    __rt_lib_init_user_alloc_1               0x080001a3   Thumb Code     0  libinit2.o(.ARM.Collect$$libinit$$0000000C)
    __rt_lib_shutdown                        0x080001a5   Thumb Code     0  libshutdown.o(.ARM.Collect$$libshutdown$$00000000)
    __rt_lib_shutdown_cpp_1                  0x080001a7   Thumb Code     0  libshutdown2.o(.ARM.Collect$$libshutdown$$00000004)
    __rt_lib_shutdown_fini_1                 0x080001a7   Thumb Code     0  libshutdown2.o(.ARM.Collect$$libshutdown$$00000002)
    __rt_lib_shutdown_fp_trap_1              0x080001a7   Thumb Code     0  libshutdown2.o(.ARM.Collect$$libshutdown$$00000009)
    __rt_lib_shutdown_heap_1                 0x080001a7   Thumb Code     0  libshutdown2.o(.ARM.Collect$$libshutdown$$00000011)
    __rt_lib_shutdown_return                 0x080001a7   Thumb Code     0  libshutdown2.o(.ARM.Collect$$libshutdown$$00000012)
    __rt_lib_shutdown_signal_1               0x080001a7   Thumb Code     0  libshutdown2.o(.ARM.Collect$$libshutdown$$0000000C)
    __rt_lib_shutdown_stdio_1                0x080001a7   Thumb Code     0  libshutdown2.o(.ARM.Collect$$libshutdown$$00000006)
    __rt_lib_shutdown_user_alloc_1           0x080001a7   Thumb Code     0  libshutdown2.o(.ARM.Collect$$libshutdown$$0000000E)
    __rt_entry                               0x080001a9   Thumb Code     0  __rtentry.o(.ARM.Collect$$rtentry$$00000000)
    __rt_entry_presh_1                       0x080001a9   Thumb Code     0  __rtentry2.o(.ARM.Collect$$rtentry$$00000002)
    __rt_entry_sh                            0x080001a9   Thumb Code     0  __rtentry4.o(.ARM.Collect$$rtentry$$00000004)
    __rt_entry_li                            0x080001af   Thumb Code     0  __rtentry2.o(.ARM.Collect$$rtentry$$0000000A)
    __rt_entry_postsh_1                      0x080001af   Thumb Code     0  __rtentry2.o(.ARM.Collect$$rtentry$$00000009)
    __rt_entry_main                          0x080001b3   Thumb Code     0  __rtentry2.o(.ARM.Collect$$rtentry$$0000000D)
    __rt_entry_postli_1                      0x080001b3   Thumb Code     0  __rtentry2.o(.ARM.Collect$$rtentry$$0000000C)
    __rt_exit                                0x080001bb   Thumb Code     0  rtexit.o(.ARM.Collect$$rtexit$$00000000)
    __rt_exit_ls                             0x080001bd   Thumb Code     0  rtexit2.o(.ARM.Collect$$rtexit$$00000003)
    __rt_exit_prels_1                        0x080001bd   Thumb Code     0  rtexit2.o(.ARM.Collect$$rtexit$$00000002)
    __rt_exit_exit                           0x080001c1   Thumb Code     0  rtexit2.o(.ARM.Collect$$rtexit$$00000004)
    Reset_Handler                            0x080001c9   Thumb Code     8  startup_stm32f103xb.o(.text)
    ADC1_2_IRQHandler                        0x080001e3   Thumb Code     0  startup_stm32f103xb.o(.text)
    CAN1_RX1_IRQHandler                      0x080001e3   Thumb Code     0  startup_stm32f103xb.o(.text)
    CAN1_SCE_IRQHandler                      0x080001e3   Thumb Code     0  startup_stm32f103xb.o(.text)
    DMA1_Channel1_IRQHandler                 0x080001e3   Thumb Code     0  startup_stm32f103xb.o(.text)
    DMA1_Channel2_IRQHandler                 0x080001e3   Thumb Code     0  startup_stm32f103xb.o(.text)
    DMA1_Channel3_IRQHandler                 0x080001e3   Thumb Code     0  startup_stm32f103xb.o(.text)
    DMA1_Channel4_IRQHandler                 0x080001e3   Thumb Code     0  startup_stm32f103xb.o(.text)
    DMA1_Channel5_IRQHandler                 0x080001e3   Thumb Code     0  startup_stm32f103xb.o(.text)
    DMA1_Channel6_IRQHandler                 0x080001e3   Thumb Code     0  startup_stm32f103xb.o(.text)
    DMA1_Channel7_IRQHandler                 0x080001e3   Thumb Code     0  startup_stm32f103xb.o(.text)
    EXTI0_IRQHandler                         0x080001e3   Thumb Code     0  startup_stm32f103xb.o(.text)
    EXTI15_10_IRQHandler                     0x080001e3   Thumb Code     0  startup_stm32f103xb.o(.text)
    EXTI1_IRQHandler                         0x080001e3   Thumb Code     0  startup_stm32f103xb.o(.text)
    EXTI2_IRQHandler                         0x080001e3   Thumb Code     0  startup_stm32f103xb.o(.text)
    EXTI3_IRQHandler                         0x080001e3   Thumb Code     0  startup_stm32f103xb.o(.text)
    EXTI4_IRQHandler                         0x080001e3   Thumb Code     0  startup_stm32f103xb.o(.text)
    EXTI9_5_IRQHandler                       0x080001e3   Thumb Code     0  startup_stm32f103xb.o(.text)
    FLASH_IRQHandler                         0x080001e3   Thumb Code     0  startup_stm32f103xb.o(.text)
    I2C1_ER_IRQHandler                       0x080001e3   Thumb Code     0  startup_stm32f103xb.o(.text)
    I2C1_EV_IRQHandler                       0x080001e3   Thumb Code     0  startup_stm32f103xb.o(.text)
    I2C2_ER_IRQHandler                       0x080001e3   Thumb Code     0  startup_stm32f103xb.o(.text)
    I2C2_EV_IRQHandler                       0x080001e3   Thumb Code     0  startup_stm32f103xb.o(.text)
    PVD_IRQHandler                           0x080001e3   Thumb Code     0  startup_stm32f103xb.o(.text)
    RCC_IRQHandler                           0x080001e3   Thumb Code     0  startup_stm32f103xb.o(.text)
    RTC_Alarm_IRQHandler                     0x080001e3   Thumb Code     0  startup_stm32f103xb.o(.text)
    RTC_IRQHandler                           0x080001e3   Thumb Code     0  startup_stm32f103xb.o(.text)
    SPI1_IRQHandler                          0x080001e3   Thumb Code     0  startup_stm32f103xb.o(.text)
    SPI2_IRQHandler                          0x080001e3   Thumb Code     0  startup_stm32f103xb.o(.text)
    TAMPER_IRQHandler                        0x080001e3   Thumb Code     0  startup_stm32f103xb.o(.text)
    TIM1_BRK_IRQHandler                      0x080001e3   Thumb Code     0  startup_stm32f103xb.o(.text)
    TIM1_CC_IRQHandler                       0x080001e3   Thumb Code     0  startup_stm32f103xb.o(.text)
    TIM1_TRG_COM_IRQHandler                  0x080001e3   Thumb Code     0  startup_stm32f103xb.o(.text)
    TIM1_UP_IRQHandler                       0x080001e3   Thumb Code     0  startup_stm32f103xb.o(.text)
    TIM2_IRQHandler                          0x080001e3   Thumb Code     0  startup_stm32f103xb.o(.text)
    TIM3_IRQHandler                          0x080001e3   Thumb Code     0  startup_stm32f103xb.o(.text)
    TIM4_IRQHandler                          0x080001e3   Thumb Code     0  startup_stm32f103xb.o(.text)
    USART1_IRQHandler                        0x080001e3   Thumb Code     0  startup_stm32f103xb.o(.text)
    USART3_IRQHandler                        0x080001e3   Thumb Code     0  startup_stm32f103xb.o(.text)
    USBWakeUp_IRQHandler                     0x080001e3   Thumb Code     0  startup_stm32f103xb.o(.text)
    USB_HP_CAN1_TX_IRQHandler                0x080001e3   Thumb Code     0  startup_stm32f103xb.o(.text)
    WWDG_IRQHandler                          0x080001e3   Thumb Code     0  startup_stm32f103xb.o(.text)
    __user_initial_stackheap                 0x080001e5   Thumb Code     0  startup_stm32f103xb.o(.text)
    __aeabi_memcpy                           0x08000209   Thumb Code     0  rt_memcpy_v6.o(.text)
    __rt_memcpy                              0x08000209   Thumb Code   138  rt_memcpy_v6.o(.text)
    _memcpy_lastbytes                        0x0800026f   Thumb Code     0  rt_memcpy_v6.o(.text)
    __aeabi_memcpy4                          0x08000293   Thumb Code     0  rt_memcpy_w.o(.text)
    __aeabi_memcpy8                          0x08000293   Thumb Code     0  rt_memcpy_w.o(.text)
    __rt_memcpy_w                            0x08000293   Thumb Code   100  rt_memcpy_w.o(.text)
    _memcpy_lastbytes_aligned                0x080002db   Thumb Code     0  rt_memcpy_w.o(.text)
    __aeabi_memclr                           0x080002f7   Thumb Code     0  rt_memclr.o(.text)
    __rt_memclr                              0x080002f7   Thumb Code    68  rt_memclr.o(.text)
    _memset                                  0x080002fb   Thumb Code     0  rt_memclr.o(.text)
    __aeabi_memclr4                          0x0800033b   Thumb Code     0  rt_memclr_w.o(.text)
    __aeabi_memclr8                          0x0800033b   Thumb Code     0  rt_memclr_w.o(.text)
    __rt_memclr_w                            0x0800033b   Thumb Code    78  rt_memclr_w.o(.text)
    _memset_w                                0x0800033f   Thumb Code     0  rt_memclr_w.o(.text)
    __use_two_region_memory                  0x08000389   Thumb Code     2  heapauxi.o(.text)
    __rt_heap_escrow$2region                 0x0800038b   Thumb Code     2  heapauxi.o(.text)
    __rt_heap_expand$2region                 0x0800038d   Thumb Code     2  heapauxi.o(.text)
    __user_setup_stackheap                   0x0800038f   Thumb Code    74  sys_stackheap_outer.o(.text)
    exit                                     0x080003d9   Thumb Code    18  exit.o(.text)
    __user_libspace                          0x080003ed   Thumb Code     8  libspace.o(.text)
    __user_perproc_libspace                  0x080003ed   Thumb Code     0  libspace.o(.text)
    __user_perthread_libspace                0x080003ed   Thumb Code     0  libspace.o(.text)
    _sys_exit                                0x080003f5   Thumb Code     8  sys_exit.o(.text)
    __I$use$semihosting                      0x08000401   Thumb Code     0  use_no_semi.o(.text)
    __use_no_semihosting_swi                 0x08000401   Thumb Code     2  use_no_semi.o(.text)
    BusFault_Handler                         0x08000403   Thumb Code     4  stm32f1xx_it.o(i.BusFault_Handler)
    __semihosting_library_function           0x08000403   Thumb Code     0  indicate_semi.o(.text)
    CDC_Transmit_FS                          0x080004b5   Thumb Code    50  usbd_cdc_if.o(i.CDC_Transmit_FS)
    DebugMon_Handler                         0x080004ed   Thumb Code     2  stm32f1xx_it.o(i.DebugMon_Handler)
    Error_Handler                            0x080004ef   Thumb Code     6  main.o(i.Error_Handler)
    HAL_DMA_Abort                            0x08000529   Thumb Code    86  stm32f1xx_hal_dma.o(i.HAL_DMA_Abort)
    HAL_DMA_Abort_IT                         0x08000581   Thumb Code   172  stm32f1xx_hal_dma.o(i.HAL_DMA_Abort_IT)
    HAL_GPIO_Init                            0x08000631   Thumb Code   766  stm32f1xx_hal_gpio.o(i.HAL_GPIO_Init)
    HAL_GPIO_TogglePin                       0x08000951   Thumb Code    20  stm32f1xx_hal_gpio.o(i.HAL_GPIO_TogglePin)
    HAL_GPIO_WritePin                        0x08000965   Thumb Code    12  stm32f1xx_hal_gpio.o(i.HAL_GPIO_WritePin)
    HAL_GetTick                              0x08000971   Thumb Code     6  stm32f1xx_hal.o(i.HAL_GetTick)
    HAL_IncTick                              0x0800097d   Thumb Code    16  stm32f1xx_hal.o(i.HAL_IncTick)
    HAL_Init                                 0x08000995   Thumb Code    34  stm32f1xx_hal.o(i.HAL_Init)
    HAL_InitTick                             0x080009bd   Thumb Code    64  stm32f1xx_hal.o(i.HAL_InitTick)
    HAL_MspInit                              0x08000a09   Thumb Code    76  stm32f1xx_hal_msp.o(i.HAL_MspInit)
    HAL_NVIC_EnableIRQ                       0x08000a5d   Thumb Code    32  stm32f1xx_hal_cortex.o(i.HAL_NVIC_EnableIRQ)
    HAL_NVIC_SetPriority                     0x08000a7d   Thumb Code   124  stm32f1xx_hal_cortex.o(i.HAL_NVIC_SetPriority)
    HAL_NVIC_SetPriorityGrouping             0x08000af9   Thumb Code    32  stm32f1xx_hal_cortex.o(i.HAL_NVIC_SetPriorityGrouping)
    HAL_PCDEx_PMAConfig                      0x08000b21   Thumb Code    68  stm32f1xx_hal_pcd_ex.o(i.HAL_PCDEx_PMAConfig)
    HAL_PCDEx_SetConnectionState             0x08000b65   Thumb Code     2  usbd_conf.o(i.HAL_PCDEx_SetConnectionState)
    HAL_PCD_DataInStageCallback              0x08000b67   Thumb Code    32  usbd_conf.o(i.HAL_PCD_DataInStageCallback)
    HAL_PCD_DataOutStageCallback             0x08000b87   Thumb Code    32  usbd_conf.o(i.HAL_PCD_DataOutStageCallback)
    HAL_PCD_EP_Close                         0x08000ba7   Thumb Code   106  stm32f1xx_hal_pcd.o(i.HAL_PCD_EP_Close)
    HAL_PCD_EP_ClrStall                      0x08000c11   Thumb Code   124  stm32f1xx_hal_pcd.o(i.HAL_PCD_EP_ClrStall)
    HAL_PCD_EP_GetRxCount                    0x0800130d   Thumb Code    22  stm32f1xx_hal_pcd.o(i.HAL_PCD_EP_GetRxCount)
    HAL_PCD_EP_Open                          0x08001323   Thumb Code   140  stm32f1xx_hal_pcd.o(i.HAL_PCD_EP_Open)
    HAL_PCD_EP_Receive                       0x080013af   Thumb Code    76  stm32f1xx_hal_pcd.o(i.HAL_PCD_EP_Receive)
    HAL_PCD_EP_SetStall                      0x080013fb   Thumb Code   136  stm32f1xx_hal_pcd.o(i.HAL_PCD_EP_SetStall)
    HAL_PCD_EP_Transmit                      0x08001483   Thumb Code    86  stm32f1xx_hal_pcd.o(i.HAL_PCD_EP_Transmit)
    HAL_PCD_IRQHandler                       0x080014d9   Thumb Code   482  stm32f1xx_hal_pcd.o(i.HAL_PCD_IRQHandler)
    HAL_PCD_Init                             0x080016bb   Thumb Code   344  stm32f1xx_hal_pcd.o(i.HAL_PCD_Init)
    HAL_PCD_MspInit                          0x08001815   Thumb Code    58  usbd_conf.o(i.HAL_PCD_MspInit)
    HAL_PCD_ResetCallback                    0x08001859   Thumb Code    36  usbd_conf.o(i.HAL_PCD_ResetCallback)
    HAL_PCD_ResumeCallback                   0x0800187d   Thumb Code    14  usbd_conf.o(i.HAL_PCD_ResumeCallback)
    HAL_PCD_SOFCallback                      0x0800188b   Thumb Code    14  usbd_conf.o(i.HAL_PCD_SOFCallback)
    HAL_PCD_SetAddress                       0x08001899   Thumb Code    54  stm32f1xx_hal_pcd.o(i.HAL_PCD_SetAddress)
    HAL_PCD_SetupStageCallback               0x080018cf   Thumb Code    18  usbd_conf.o(i.HAL_PCD_SetupStageCallback)
    HAL_PCD_Start                            0x080018e1   Thumb Code    60  stm32f1xx_hal_pcd.o(i.HAL_PCD_Start)
    HAL_PCD_SuspendCallback                  0x0800191d   Thumb Code    30  usbd_conf.o(i.HAL_PCD_SuspendCallback)
    HAL_RCCEx_PeriphCLKConfig                0x08001941   Thumb Code   290  stm32f1xx_hal_rcc_ex.o(i.HAL_RCCEx_PeriphCLKConfig)
    HAL_RCC_ClockConfig                      0x08001a71   Thumb Code   376  stm32f1xx_hal_rcc.o(i.HAL_RCC_ClockConfig)
    HAL_RCC_GetHCLKFreq                      0x08001bfd   Thumb Code     6  stm32f1xx_hal_rcc.o(i.HAL_RCC_GetHCLKFreq)
    HAL_RCC_GetPCLK1Freq                     0x08001c09   Thumb Code    22  stm32f1xx_hal_rcc.o(i.HAL_RCC_GetPCLK1Freq)
    HAL_RCC_GetPCLK2Freq                     0x08001c29   Thumb Code    22  stm32f1xx_hal_rcc.o(i.HAL_RCC_GetPCLK2Freq)
    HAL_RCC_GetSysClockFreq                  0x08001c49   Thumb Code   116  stm32f1xx_hal_rcc.o(i.HAL_RCC_GetSysClockFreq)
    HAL_RCC_OscConfig                        0x08001cdd   Thumb Code  1114  stm32f1xx_hal_rcc.o(i.HAL_RCC_OscConfig)
    HAL_SYSTICK_Config                       0x08002141   Thumb Code    52  stm32f1xx_hal_cortex.o(i.HAL_SYSTICK_Config)
    HAL_UARTEx_RxEventCallback               0x08002175   Thumb Code     2  stm32f1xx_hal_uart.o(i.HAL_UARTEx_RxEventCallback)
    HAL_UART_ErrorCallback                   0x08002177   Thumb Code     2  stm32f1xx_hal_uart.o(i.HAL_UART_ErrorCallback)
    HAL_UART_IRQHandler                      0x08002179   Thumb Code   582  stm32f1xx_hal_uart.o(i.HAL_UART_IRQHandler)
    HAL_UART_Init                            0x080023c5   Thumb Code   114  stm32f1xx_hal_uart.o(i.HAL_UART_Init)
    HAL_UART_MspInit                         0x08002439   Thumb Code   136  stm32f1xx_hal_msp.o(i.HAL_UART_MspInit)
    HAL_UART_RxCpltCallback                  0x080024cd   Thumb Code     2  stm32f1xx_hal_uart.o(i.HAL_UART_RxCpltCallback)
    HAL_UART_TxCpltCallback                  0x080024cf   Thumb Code     2  stm32f1xx_hal_uart.o(i.HAL_UART_TxCpltCallback)
    HardFault_Handler                        0x080024d1   Thumb Code     4  stm32f1xx_it.o(i.HardFault_Handler)
    MX_USB_DEVICE_Init                       0x08002639   Thumb Code    60  usb_device.o(i.MX_USB_DEVICE_Init)
    MemManage_Handler                        0x08002685   Thumb Code     4  stm32f1xx_it.o(i.MemManage_Handler)
    NMI_Handler                              0x08002689   Thumb Code     4  stm32f1xx_it.o(i.NMI_Handler)
    PendSV_Handler                           0x08002a7f   Thumb Code     2  stm32f1xx_it.o(i.PendSV_Handler)
    SVC_Handler                              0x08002aa9   Thumb Code     2  stm32f1xx_it.o(i.SVC_Handler)
    SysTick_Handler                          0x08002aab   Thumb Code     8  stm32f1xx_it.o(i.SysTick_Handler)
    SystemClock_Config                       0x08002ab3   Thumb Code   132  main.o(i.SystemClock_Config)
    SystemInit                               0x08002b37   Thumb Code     2  system_stm32f1xx.o(i.SystemInit)
    USART2_IRQHandler                        0x08002de5   Thumb Code    10  stm32f1xx_it.o(i.USART2_IRQHandler)
    USBD_CDC_GetDeviceQualifierDescriptor    0x08002f25   Thumb Code    10  usbd_cdc.o(i.USBD_CDC_GetDeviceQualifierDescriptor)
    USBD_CDC_ReceivePacket                   0x0800301d   Thumb Code    58  usbd_cdc.o(i.USBD_CDC_ReceivePacket)
    USBD_CDC_RegisterInterface               0x08003057   Thumb Code    14  usbd_cdc.o(i.USBD_CDC_RegisterInterface)
    USBD_CDC_SetRxBuffer                     0x08003065   Thumb Code    14  usbd_cdc.o(i.USBD_CDC_SetRxBuffer)
    USBD_CDC_SetTxBuffer                     0x08003073   Thumb Code    20  usbd_cdc.o(i.USBD_CDC_SetTxBuffer)
    USBD_CDC_TransmitPacket                  0x0800317b   Thumb Code    62  usbd_cdc.o(i.USBD_CDC_TransmitPacket)
    USBD_ClrClassConfig                      0x080031b9   Thumb Code    22  usbd_core.o(i.USBD_ClrClassConfig)
    USBD_CtlContinueRx                       0x0800320d   Thumb Code    24  usbd_ioreq.o(i.USBD_CtlContinueRx)
    USBD_CtlContinueSendData                 0x08003225   Thumb Code    24  usbd_ioreq.o(i.USBD_CtlContinueSendData)
    USBD_CtlError                            0x0800323d   Thumb Code    24  usbd_ctlreq.o(i.USBD_CtlError)
    USBD_CtlPrepareRx                        0x08003255   Thumb Code    40  usbd_ioreq.o(i.USBD_CtlPrepareRx)
    USBD_CtlReceiveStatus                    0x0800327d   Thumb Code    26  usbd_ioreq.o(i.USBD_CtlReceiveStatus)
    USBD_CtlSendData                         0x08003297   Thumb Code    34  usbd_ioreq.o(i.USBD_CtlSendData)
    USBD_CtlSendStatus                       0x080032b9   Thumb Code    26  usbd_ioreq.o(i.USBD_CtlSendStatus)
    USBD_FS_ConfigStrDescriptor              0x080032d5   Thumb Code    34  usbd_desc.o(i.USBD_FS_ConfigStrDescriptor)
    USBD_FS_DeviceDescriptor                 0x08003309   Thumb Code    10  usbd_desc.o(i.USBD_FS_DeviceDescriptor)
    USBD_FS_InterfaceStrDescriptor           0x08003319   Thumb Code    34  usbd_desc.o(i.USBD_FS_InterfaceStrDescriptor)
    USBD_FS_LangIDStrDescriptor              0x08003351   Thumb Code    10  usbd_desc.o(i.USBD_FS_LangIDStrDescriptor)
    USBD_FS_ManufacturerStrDescriptor        0x08003361   Thumb Code    20  usbd_desc.o(i.USBD_FS_ManufacturerStrDescriptor)
    USBD_FS_ProductStrDescriptor             0x0800338d   Thumb Code    34  usbd_desc.o(i.USBD_FS_ProductStrDescriptor)
    USBD_FS_SerialStrDescriptor              0x080033cd   Thumb Code    18  usbd_desc.o(i.USBD_FS_SerialStrDescriptor)
    USBD_GetString                           0x0800369d   Thumb Code    82  usbd_ctlreq.o(i.USBD_GetString)
    USBD_Init                                0x0800371b   Thumb Code    50  usbd_core.o(i.USBD_Init)
    USBD_LL_ClearStallEP                     0x0800374d   Thumb Code    38  usbd_conf.o(i.USBD_LL_ClearStallEP)
    USBD_LL_CloseEP                          0x08003773   Thumb Code    38  usbd_conf.o(i.USBD_LL_CloseEP)
    USBD_LL_DataInStage                      0x08003799   Thumb Code   256  usbd_core.o(i.USBD_LL_DataInStage)
    USBD_LL_DataOutStage                     0x08003899   Thumb Code   166  usbd_core.o(i.USBD_LL_DataOutStage)
    USBD_LL_GetRxDataSize                    0x0800393f   Thumb Code    18  usbd_conf.o(i.USBD_LL_GetRxDataSize)
    USBD_LL_Init                             0x08003951   Thumb Code   124  usbd_conf.o(i.USBD_LL_Init)
    USBD_LL_IsStallEP                        0x080039d5   Thumb Code    56  usbd_conf.o(i.USBD_LL_IsStallEP)
    USBD_LL_OpenEP                           0x08003a0d   Thumb Code    48  usbd_conf.o(i.USBD_LL_OpenEP)
    USBD_LL_PrepareReceive                   0x08003a3d   Thumb Code    48  usbd_conf.o(i.USBD_LL_PrepareReceive)
    USBD_LL_Reset                            0x08003a6d   Thumb Code    92  usbd_core.o(i.USBD_LL_Reset)
    USBD_LL_Resume                           0x08003ac9   Thumb Code    22  usbd_core.o(i.USBD_LL_Resume)
    USBD_LL_SOF                              0x08003adf   Thumb Code    34  usbd_core.o(i.USBD_LL_SOF)
    USBD_LL_SetSpeed                         0x08003b01   Thumb Code     8  usbd_core.o(i.USBD_LL_SetSpeed)
    USBD_LL_SetUSBAddress                    0x08003b09   Thumb Code    38  usbd_conf.o(i.USBD_LL_SetUSBAddress)
    USBD_LL_SetupStage                       0x08003b2f   Thumb Code   110  usbd_core.o(i.USBD_LL_SetupStage)
    USBD_LL_StallEP                          0x08003b9d   Thumb Code    38  usbd_conf.o(i.USBD_LL_StallEP)
    USBD_LL_Start                            0x08003bc3   Thumb Code    30  usbd_conf.o(i.USBD_LL_Start)
    USBD_LL_Suspend                          0x08003be1   Thumb Code    20  usbd_core.o(i.USBD_LL_Suspend)
    USBD_LL_Transmit                         0x08003bf5   Thumb Code    48  usbd_conf.o(i.USBD_LL_Transmit)
    USBD_ParseSetupRequest                   0x08003c25   Thumb Code    40  usbd_ctlreq.o(i.USBD_ParseSetupRequest)
    USBD_RegisterClass                       0x08003c4d   Thumb Code    16  usbd_core.o(i.USBD_RegisterClass)
    USBD_RunTestMode                         0x08003c5d   Thumb Code     6  usbd_core.o(i.USBD_RunTestMode)
    USBD_SetClassConfig                      0x08003cbd   Thumb Code    34  usbd_core.o(i.USBD_SetClassConfig)
    USBD_Start                               0x08003de1   Thumb Code    14  usbd_core.o(i.USBD_Start)
    USBD_StdDevReq                           0x08003def   Thumb Code   162  usbd_ctlreq.o(i.USBD_StdDevReq)
    USBD_StdEPReq                            0x08003e91   Thumb Code   568  usbd_ctlreq.o(i.USBD_StdEPReq)
    USBD_StdItfReq                           0x080040c9   Thumb Code   126  usbd_ctlreq.o(i.USBD_StdItfReq)
    USBD_static_free                         0x08004147   Thumb Code     2  usbd_conf.o(i.USBD_static_free)
    USBD_static_malloc                       0x08004149   Thumb Code     6  usbd_conf.o(i.USBD_static_malloc)
    USB_ActivateEndpoint                     0x08004155   Thumb Code  1100  stm32f1xx_ll_usb.o(i.USB_ActivateEndpoint)
    USB_CoreInit                             0x080045a1   Thumb Code     8  stm32f1xx_ll_usb.o(i.USB_CoreInit)
    USB_DeactivateEndpoint                   0x080045a9   Thumb Code   636  stm32f1xx_ll_usb.o(i.USB_DeactivateEndpoint)
    USB_DevConnect                           0x08004825   Thumb Code     6  stm32f1xx_ll_usb.o(i.USB_DevConnect)
    USB_DevDisconnect                        0x0800482b   Thumb Code     6  stm32f1xx_ll_usb.o(i.USB_DevDisconnect)
    USB_DevInit                              0x08004831   Thumb Code    22  stm32f1xx_ll_usb.o(i.USB_DevInit)
    USB_DisableGlobalInt                     0x08004847   Thumb Code    20  stm32f1xx_ll_usb.o(i.USB_DisableGlobalInt)
    USB_EP0_OutStart                         0x0800485b   Thumb Code     6  stm32f1xx_ll_usb.o(i.USB_EP0_OutStart)
    USB_EPClearStall                         0x08004861   Thumb Code   218  stm32f1xx_ll_usb.o(i.USB_EPClearStall)
    USB_EPSetStall                           0x0800493b   Thumb Code    92  stm32f1xx_ll_usb.o(i.USB_EPSetStall)
    USB_EPStartXfer                          0x08004997   Thumb Code  2954  stm32f1xx_ll_usb.o(i.USB_EPStartXfer)
    USB_EnableGlobalInt                      0x08005521   Thumb Code    18  stm32f1xx_ll_usb.o(i.USB_EnableGlobalInt)
    USB_LP_CAN1_RX0_IRQHandler               0x08005535   Thumb Code    92  stm32f1xx_it.o(i.USB_LP_CAN1_RX0_IRQHandler)
    USB_ReadInterrupts                       0x0800559d   Thumb Code     8  stm32f1xx_ll_usb.o(i.USB_ReadInterrupts)
    USB_ReadPMA                              0x080055a5   Thumb Code    74  stm32f1xx_ll_usb.o(i.USB_ReadPMA)
    USB_SetCurrentMode                       0x080055ef   Thumb Code     6  stm32f1xx_ll_usb.o(i.USB_SetCurrentMode)
    USB_SetDevAddress                        0x080055f5   Thumb Code    14  stm32f1xx_ll_usb.o(i.USB_SetDevAddress)
    USB_WritePMA                             0x08005603   Thumb Code    66  stm32f1xx_ll_usb.o(i.USB_WritePMA)
    UsageFault_Handler                       0x08005645   Thumb Code     4  stm32f1xx_it.o(i.UsageFault_Handler)
    main                                     0x08005681   Thumb Code    24  main.o(i.main)
    usb_irq_parser                           0x08005699   Thumb Code   168  main.o(i.usb_irq_parser)
    xor_handler                              0x08005771   Thumb Code    40  main.o(i.xor_handler)
    AHBPrescTable                            0x08005798   Data          16  system_stm32f1xx.o(.constdata)
    APBPrescTable                            0x080057a8   Data           8  system_stm32f1xx.o(.constdata)
    Region$$Table$$Base                      0x080057b0   Number         0  anon$$obj.o(Region$$Table)
    Region$$Table$$Limit                     0x080057d0   Number         0  anon$$obj.o(Region$$Table)
    len                                      0x20000000   Data           2  main.o(.data)
    temp                                     0x20000002   Data           2  main.o(.data)
    usb_parcel_counter                       0x20000004   Data           1  main.o(.data)
    usb_parcel_mode                          0x20000005   Data           1  main.o(.data)
    mode                                     0x20000008   Data           4  main.o(.data)
    uwTick                                   0x2000000c   Data           4  stm32f1xx_hal.o(.data)
    uwTickPrio                               0x20000010   Data           4  stm32f1xx_hal.o(.data)
    uwTickFreq                               0x20000014   Data           1  stm32f1xx_hal.o(.data)
    SystemCoreClock                          0x20000018   Data           4  system_stm32f1xx.o(.data)
    FS_Desc                                  0x2000001c   Data          28  usbd_desc.o(.data)
    USBD_FS_DeviceDesc                       0x20000038   Data          18  usbd_desc.o(.data)
    USBD_LangIDDesc                          0x2000004c   Data           4  usbd_desc.o(.data)
    USBD_StringSerial                        0x20000050   Data          26  usbd_desc.o(.data)
    USBD_Interface_fops_FS                   0x2000006c   Data          16  usbd_cdc_if.o(.data)
    USBD_CDC                                 0x2000008c   Data          56  usbd_cdc.o(.data)
    USBD_CDC_CfgHSDesc                       0x200000c4   Data          67  usbd_cdc.o(.data)
    USBD_CDC_CfgFSDesc                       0x20000108   Data          67  usbd_cdc.o(.data)
    USBD_CDC_OtherSpeedCfgDesc               0x2000014c   Data          67  usbd_cdc.o(.data)
    USB_TX_MASS                              0x20000190   Data        1000  main.o(.bss)
    USB_RX_MASS                              0x20000578   Data        1000  main.o(.bss)
    huart2                                   0x20000960   Data          68  main.o(.bss)
    hUsbDeviceFS                             0x200009a4   Data         708  usb_device.o(.bss)
    USBD_StrDesc                             0x20000c68   Data         512  usbd_desc.o(.bss)
    UserRxBufferFS                           0x20000e68   Data        1000  usbd_cdc_if.o(.bss)
    UserTxBufferFS                           0x20001250   Data        1000  usbd_cdc_if.o(.bss)
    hpcd_USB_FS                              0x20001638   Data         748  usbd_conf.o(.bss)
    __libspace_start                         0x20001b44   Data          96  libspace.o(.bss)
    __temporary_stack_top$libspace           0x20001ba4   Data           0  libspace.o(.bss)



==============================================================================

Memory Map of the image

  Image Entry point : 0x080000ed

  Load Region LR_IROM1 (Base: 0x08000000, Size: 0x00005960, Max: 0x00010000, ABSOLUTE, COMPRESSED[0x00005894])

    Execution Region ER_IROM1 (Exec base: 0x08000000, Load base: 0x08000000, Size: 0x000057d0, Max: 0x00010000, ABSOLUTE)

    Exec Addr    Load Addr    Size         Type   Attr      Idx    E Section Name        Object

    0x08000000   0x08000000   0x000000ec   Data   RO            3    RESET               startup_stm32f103xb.o
    0x080000ec   0x080000ec   0x00000008   Code   RO         3060  * !!!main             c_w.l(__main.o)
    0x080000f4   0x080000f4   0x00000034   Code   RO         3221    !!!scatter          c_w.l(__scatter.o)
    0x08000128   0x08000128   0x0000005a   Code   RO         3219    !!dczerorl2         c_w.l(__dczerorl2.o)
    0x08000182   0x08000182   0x00000002   PAD
    0x08000184   0x08000184   0x0000001c   Code   RO         3223    !!handler_zi        c_w.l(__scatter_zi.o)
    0x080001a0   0x080001a0   0x00000002   Code   RO         3087    .ARM.Collect$$libinit$$00000000  c_w.l(libinit.o)
    0x080001a2   0x080001a2   0x00000000   Code   RO         3094    .ARM.Collect$$libinit$$00000002  c_w.l(libinit2.o)
    0x080001a2   0x080001a2   0x00000000   Code   RO         3096    .ARM.Collect$$libinit$$00000004  c_w.l(libinit2.o)
    0x080001a2   0x080001a2   0x00000000   Code   RO         3099    .ARM.Collect$$libinit$$0000000A  c_w.l(libinit2.o)
    0x080001a2   0x080001a2   0x00000000   Code   RO         3101    .ARM.Collect$$libinit$$0000000C  c_w.l(libinit2.o)
    0x080001a2   0x080001a2   0x00000000   Code   RO         3103    .ARM.Collect$$libinit$$0000000E  c_w.l(libinit2.o)
    0x080001a2   0x080001a2   0x00000000   Code   RO         3106    .ARM.Collect$$libinit$$00000011  c_w.l(libinit2.o)
    0x080001a2   0x080001a2   0x00000000   Code   RO         3108    .ARM.Collect$$libinit$$00000013  c_w.l(libinit2.o)
    0x080001a2   0x080001a2   0x00000000   Code   RO         3110    .ARM.Collect$$libinit$$00000015  c_w.l(libinit2.o)
    0x080001a2   0x080001a2   0x00000000   Code   RO         3112    .ARM.Collect$$libinit$$00000017  c_w.l(libinit2.o)
    0x080001a2   0x080001a2   0x00000000   Code   RO         3114    .ARM.Collect$$libinit$$00000019  c_w.l(libinit2.o)
    0x080001a2   0x080001a2   0x00000000   Code   RO         3116    .ARM.Collect$$libinit$$0000001B  c_w.l(libinit2.o)
    0x080001a2   0x080001a2   0x00000000   Code   RO         3118    .ARM.Collect$$libinit$$0000001D  c_w.l(libinit2.o)
    0x080001a2   0x080001a2   0x00000000   Code   RO         3120    .ARM.Collect$$libinit$$0000001F  c_w.l(libinit2.o)
    0x080001a2   0x080001a2   0x00000000   Code   RO         3122    .ARM.Collect$$libinit$$00000021  c_w.l(libinit2.o)
    0x080001a2   0x080001a2   0x00000000   Code   RO         3124    .ARM.Collect$$libinit$$00000023  c_w.l(libinit2.o)
    0x080001a2   0x080001a2   0x00000000   Code   RO         3126    .ARM.Collect$$libinit$$00000025  c_w.l(libinit2.o)
    0x080001a2   0x080001a2   0x00000000   Code   RO         3130    .ARM.Collect$$libinit$$0000002C  c_w.l(libinit2.o)
    0x080001a2   0x080001a2   0x00000000   Code   RO         3132    .ARM.Collect$$libinit$$0000002E  c_w.l(libinit2.o)
    0x080001a2   0x080001a2   0x00000000   Code   RO         3134    .ARM.Collect$$libinit$$00000030  c_w.l(libinit2.o)
    0x080001a2   0x080001a2   0x00000000   Code   RO         3136    .ARM.Collect$$libinit$$00000032  c_w.l(libinit2.o)
    0x080001a2   0x080001a2   0x00000002   Code   RO         3137    .ARM.Collect$$libinit$$00000033  c_w.l(libinit2.o)
    0x080001a4   0x080001a4   0x00000002   Code   RO         3157    .ARM.Collect$$libshutdown$$00000000  c_w.l(libshutdown.o)
    0x080001a6   0x080001a6   0x00000000   Code   RO         3170    .ARM.Collect$$libshutdown$$00000002  c_w.l(libshutdown2.o)
    0x080001a6   0x080001a6   0x00000000   Code   RO         3172    .ARM.Collect$$libshutdown$$00000004  c_w.l(libshutdown2.o)
    0x080001a6   0x080001a6   0x00000000   Code   RO         3174    .ARM.Collect$$libshutdown$$00000006  c_w.l(libshutdown2.o)
    0x080001a6   0x080001a6   0x00000000   Code   RO         3177    .ARM.Collect$$libshutdown$$00000009  c_w.l(libshutdown2.o)
    0x080001a6   0x080001a6   0x00000000   Code   RO         3180    .ARM.Collect$$libshutdown$$0000000C  c_w.l(libshutdown2.o)
    0x080001a6   0x080001a6   0x00000000   Code   RO         3182    .ARM.Collect$$libshutdown$$0000000E  c_w.l(libshutdown2.o)
    0x080001a6   0x080001a6   0x00000000   Code   RO         3185    .ARM.Collect$$libshutdown$$00000011  c_w.l(libshutdown2.o)
    0x080001a6   0x080001a6   0x00000002   Code   RO         3186    .ARM.Collect$$libshutdown$$00000012  c_w.l(libshutdown2.o)
    0x080001a8   0x080001a8   0x00000000   Code   RO         3062    .ARM.Collect$$rtentry$$00000000  c_w.l(__rtentry.o)
    0x080001a8   0x080001a8   0x00000000   Code   RO         3064    .ARM.Collect$$rtentry$$00000002  c_w.l(__rtentry2.o)
    0x080001a8   0x080001a8   0x00000006   Code   RO         3076    .ARM.Collect$$rtentry$$00000004  c_w.l(__rtentry4.o)
    0x080001ae   0x080001ae   0x00000000   Code   RO         3066    .ARM.Collect$$rtentry$$00000009  c_w.l(__rtentry2.o)
    0x080001ae   0x080001ae   0x00000004   Code   RO         3067    .ARM.Collect$$rtentry$$0000000A  c_w.l(__rtentry2.o)
    0x080001b2   0x080001b2   0x00000000   Code   RO         3069    .ARM.Collect$$rtentry$$0000000C  c_w.l(__rtentry2.o)
    0x080001b2   0x080001b2   0x00000008   Code   RO         3070    .ARM.Collect$$rtentry$$0000000D  c_w.l(__rtentry2.o)
    0x080001ba   0x080001ba   0x00000002   Code   RO         3091    .ARM.Collect$$rtexit$$00000000  c_w.l(rtexit.o)
    0x080001bc   0x080001bc   0x00000000   Code   RO         3139    .ARM.Collect$$rtexit$$00000002  c_w.l(rtexit2.o)
    0x080001bc   0x080001bc   0x00000004   Code   RO         3140    .ARM.Collect$$rtexit$$00000003  c_w.l(rtexit2.o)
    0x080001c0   0x080001c0   0x00000006   Code   RO         3141    .ARM.Collect$$rtexit$$00000004  c_w.l(rtexit2.o)
    0x080001c6   0x080001c6   0x00000002   PAD
    0x080001c8   0x080001c8   0x00000040   Code   RO            4    .text               startup_stm32f103xb.o
    0x08000208   0x08000208   0x0000008a   Code   RO         3050    .text               c_w.l(rt_memcpy_v6.o)
    0x08000292   0x08000292   0x00000064   Code   RO         3052    .text               c_w.l(rt_memcpy_w.o)
    0x080002f6   0x080002f6   0x00000044   Code   RO         3054    .text               c_w.l(rt_memclr.o)
    0x0800033a   0x0800033a   0x0000004e   Code   RO         3056    .text               c_w.l(rt_memclr_w.o)
    0x08000388   0x08000388   0x00000006   Code   RO         3058    .text               c_w.l(heapauxi.o)
    0x0800038e   0x0800038e   0x0000004a   Code   RO         3078    .text               c_w.l(sys_stackheap_outer.o)
    0x080003d8   0x080003d8   0x00000012   Code   RO         3080    .text               c_w.l(exit.o)
    0x080003ea   0x080003ea   0x00000002   PAD
    0x080003ec   0x080003ec   0x00000008   Code   RO         3088    .text               c_w.l(libspace.o)
    0x080003f4   0x080003f4   0x0000000c   Code   RO         3149    .text               c_w.l(sys_exit.o)
    0x08000400   0x08000400   0x00000002   Code   RO         3160    .text               c_w.l(use_no_semi.o)
    0x08000402   0x08000402   0x00000000   Code   RO         3162    .text               c_w.l(indicate_semi.o)
    0x08000402   0x08000402   0x00000004   Code   RO          186    i.BusFault_Handler  stm32f1xx_it.o
    0x08000406   0x08000406   0x00000044   Code   RO         2387    i.CDC_Control_FS    usbd_cdc_if.o
    0x0800044a   0x0800044a   0x00000004   Code   RO         2388    i.CDC_DeInit_FS     usbd_cdc_if.o
    0x0800044e   0x0800044e   0x00000002   PAD
    0x08000450   0x08000450   0x00000024   Code   RO         2389    i.CDC_Init_FS       usbd_cdc_if.o
    0x08000474   0x08000474   0x00000040   Code   RO         2390    i.CDC_Receive_FS    usbd_cdc_if.o
    0x080004b4   0x080004b4   0x00000038   Code   RO         2391    i.CDC_Transmit_FS   usbd_cdc_if.o
    0x080004ec   0x080004ec   0x00000002   Code   RO          187    i.DebugMon_Handler  stm32f1xx_it.o
    0x080004ee   0x080004ee   0x00000006   Code   RO           13    i.Error_Handler     main.o
    0x080004f4   0x080004f4   0x00000034   Code   RO         2297    i.Get_SerialNum     usbd_desc.o
    0x08000528   0x08000528   0x00000056   Code   RO         1204    i.HAL_DMA_Abort     stm32f1xx_hal_dma.o
    0x0800057e   0x0800057e   0x00000002   PAD
    0x08000580   0x08000580   0x000000b0   Code   RO         1205    i.HAL_DMA_Abort_IT  stm32f1xx_hal_dma.o
    0x08000630   0x08000630   0x00000320   Code   RO         1140    i.HAL_GPIO_Init     stm32f1xx_hal_gpio.o
    0x08000950   0x08000950   0x00000014   Code   RO         1143    i.HAL_GPIO_TogglePin  stm32f1xx_hal_gpio.o
    0x08000964   0x08000964   0x0000000c   Code   RO         1144    i.HAL_GPIO_WritePin  stm32f1xx_hal_gpio.o
    0x08000970   0x08000970   0x0000000c   Code   RO          831    i.HAL_GetTick       stm32f1xx_hal.o
    0x0800097c   0x0800097c   0x00000018   Code   RO          837    i.HAL_IncTick       stm32f1xx_hal.o
    0x08000994   0x08000994   0x00000028   Code   RO          838    i.HAL_Init          stm32f1xx_hal.o
    0x080009bc   0x080009bc   0x0000004c   Code   RO          839    i.HAL_InitTick      stm32f1xx_hal.o
    0x08000a08   0x08000a08   0x00000054   Code   RO          295    i.HAL_MspInit       stm32f1xx_hal_msp.o
    0x08000a5c   0x08000a5c   0x00000020   Code   RO         1300    i.HAL_NVIC_EnableIRQ  stm32f1xx_hal_cortex.o
    0x08000a7c   0x08000a7c   0x0000007c   Code   RO         1306    i.HAL_NVIC_SetPriority  stm32f1xx_hal_cortex.o
    0x08000af8   0x08000af8   0x00000028   Code   RO         1307    i.HAL_NVIC_SetPriorityGrouping  stm32f1xx_hal_cortex.o
    0x08000b20   0x08000b20   0x00000044   Code   RO          600    i.HAL_PCDEx_PMAConfig  stm32f1xx_hal_pcd_ex.o
    0x08000b64   0x08000b64   0x00000002   Code   RO         2439    i.HAL_PCDEx_SetConnectionState  usbd_conf.o
    0x08000b66   0x08000b66   0x00000020   Code   RO         2441    i.HAL_PCD_DataInStageCallback  usbd_conf.o
    0x08000b86   0x08000b86   0x00000020   Code   RO         2442    i.HAL_PCD_DataOutStageCallback  usbd_conf.o
    0x08000ba6   0x08000ba6   0x0000006a   Code   RO          376    i.HAL_PCD_EP_Close  stm32f1xx_hal_pcd.o
    0x08000c10   0x08000c10   0x0000007c   Code   RO          377    i.HAL_PCD_EP_ClrStall  stm32f1xx_hal_pcd.o
    0x08000c8c   0x08000c8c   0x00000158   Code   RO          378    i.HAL_PCD_EP_DB_Receive  stm32f1xx_hal_pcd.o
    0x08000de4   0x08000de4   0x00000528   Code   RO          379    i.HAL_PCD_EP_DB_Transmit  stm32f1xx_hal_pcd.o
    0x0800130c   0x0800130c   0x00000016   Code   RO          381    i.HAL_PCD_EP_GetRxCount  stm32f1xx_hal_pcd.o
    0x08001322   0x08001322   0x0000008c   Code   RO          382    i.HAL_PCD_EP_Open   stm32f1xx_hal_pcd.o
    0x080013ae   0x080013ae   0x0000004c   Code   RO          383    i.HAL_PCD_EP_Receive  stm32f1xx_hal_pcd.o
    0x080013fa   0x080013fa   0x00000088   Code   RO          384    i.HAL_PCD_EP_SetStall  stm32f1xx_hal_pcd.o
    0x08001482   0x08001482   0x00000056   Code   RO          385    i.HAL_PCD_EP_Transmit  stm32f1xx_hal_pcd.o
    0x080014d8   0x080014d8   0x000001e2   Code   RO          387    i.HAL_PCD_IRQHandler  stm32f1xx_hal_pcd.o
    0x080016ba   0x080016ba   0x00000158   Code   RO          390    i.HAL_PCD_Init      stm32f1xx_hal_pcd.o
    0x08001812   0x08001812   0x00000002   PAD
    0x08001814   0x08001814   0x00000044   Code   RO         2447    i.HAL_PCD_MspInit   usbd_conf.o
    0x08001858   0x08001858   0x00000024   Code   RO         2448    i.HAL_PCD_ResetCallback  usbd_conf.o
    0x0800187c   0x0800187c   0x0000000e   Code   RO         2449    i.HAL_PCD_ResumeCallback  usbd_conf.o
    0x0800188a   0x0800188a   0x0000000e   Code   RO         2450    i.HAL_PCD_SOFCallback  usbd_conf.o
    0x08001898   0x08001898   0x00000036   Code   RO          396    i.HAL_PCD_SetAddress  stm32f1xx_hal_pcd.o
    0x080018ce   0x080018ce   0x00000012   Code   RO         2451    i.HAL_PCD_SetupStageCallback  usbd_conf.o
    0x080018e0   0x080018e0   0x0000003c   Code   RO          398    i.HAL_PCD_Start     stm32f1xx_hal_pcd.o
    0x0800191c   0x0800191c   0x00000024   Code   RO         2452    i.HAL_PCD_SuspendCallback  usbd_conf.o
    0x08001940   0x08001940   0x00000130   Code   RO         1103    i.HAL_RCCEx_PeriphCLKConfig  stm32f1xx_hal_rcc_ex.o
    0x08001a70   0x08001a70   0x0000018c   Code   RO          995    i.HAL_RCC_ClockConfig  stm32f1xx_hal_rcc.o
    0x08001bfc   0x08001bfc   0x0000000c   Code   RO         1000    i.HAL_RCC_GetHCLKFreq  stm32f1xx_hal_rcc.o
    0x08001c08   0x08001c08   0x00000020   Code   RO         1002    i.HAL_RCC_GetPCLK1Freq  stm32f1xx_hal_rcc.o
    0x08001c28   0x08001c28   0x00000020   Code   RO         1003    i.HAL_RCC_GetPCLK2Freq  stm32f1xx_hal_rcc.o
    0x08001c48   0x08001c48   0x00000094   Code   RO         1004    i.HAL_RCC_GetSysClockFreq  stm32f1xx_hal_rcc.o
    0x08001cdc   0x08001cdc   0x00000464   Code   RO         1007    i.HAL_RCC_OscConfig  stm32f1xx_hal_rcc.o
    0x08002140   0x08002140   0x00000034   Code   RO         1311    i.HAL_SYSTICK_Config  stm32f1xx_hal_cortex.o
    0x08002174   0x08002174   0x00000002   Code   RO         1873    i.HAL_UARTEx_RxEventCallback  stm32f1xx_hal_uart.o
    0x08002176   0x08002176   0x00000002   Code   RO         1887    i.HAL_UART_ErrorCallback  stm32f1xx_hal_uart.o
    0x08002178   0x08002178   0x0000024c   Code   RO         1890    i.HAL_UART_IRQHandler  stm32f1xx_hal_uart.o
    0x080023c4   0x080023c4   0x00000072   Code   RO         1891    i.HAL_UART_Init     stm32f1xx_hal_uart.o
    0x08002436   0x08002436   0x00000002   PAD
    0x08002438   0x08002438   0x00000094   Code   RO          297    i.HAL_UART_MspInit  stm32f1xx_hal_msp.o
    0x080024cc   0x080024cc   0x00000002   Code   RO         1897    i.HAL_UART_RxCpltCallback  stm32f1xx_hal_uart.o
    0x080024ce   0x080024ce   0x00000002   Code   RO         1902    i.HAL_UART_TxCpltCallback  stm32f1xx_hal_uart.o
    0x080024d0   0x080024d0   0x00000004   Code   RO          188    i.HardFault_Handler  stm32f1xx_it.o
    0x080024d4   0x080024d4   0x0000003e   Code   RO         2298    i.IntToUnicode      usbd_desc.o
    0x08002512   0x08002512   0x00000002   PAD
    0x08002514   0x08002514   0x000000ec   Code   RO           14    i.MX_GPIO_Init      main.o
    0x08002600   0x08002600   0x00000038   Code   RO           15    i.MX_USART2_UART_Init  main.o
    0x08002638   0x08002638   0x0000004c   Code   RO         2266    i.MX_USB_DEVICE_Init  usb_device.o
    0x08002684   0x08002684   0x00000004   Code   RO          189    i.MemManage_Handler  stm32f1xx_it.o
    0x08002688   0x08002688   0x00000004   Code   RO          190    i.NMI_Handler       stm32f1xx_it.o
    0x0800268c   0x0800268c   0x000003f2   Code   RO          402    i.PCD_EP_ISR_Handler  stm32f1xx_hal_pcd.o
    0x08002a7e   0x08002a7e   0x00000002   Code   RO          191    i.PendSV_Handler    stm32f1xx_it.o
    0x08002a80   0x08002a80   0x00000028   Code   RO         1008    i.RCC_Delay         stm32f1xx_hal_rcc.o
    0x08002aa8   0x08002aa8   0x00000002   Code   RO          192    i.SVC_Handler       stm32f1xx_it.o
    0x08002aaa   0x08002aaa   0x00000008   Code   RO          193    i.SysTick_Handler   stm32f1xx_it.o
    0x08002ab2   0x08002ab2   0x00000084   Code   RO           16    i.SystemClock_Config  main.o
    0x08002b36   0x08002b36   0x00000002   Code   RO         2230    i.SystemInit        system_stm32f1xx.o
    0x08002b38   0x08002b38   0x00000014   Code   RO         1904    i.UART_DMAAbortOnError  stm32f1xx_hal_uart.o
    0x08002b4c   0x08002b4c   0x00000036   Code   RO         1914    i.UART_EndRxTransfer  stm32f1xx_hal_uart.o
    0x08002b82   0x08002b82   0x00000020   Code   RO         1915    i.UART_EndTransmit_IT  stm32f1xx_hal_uart.o
    0x08002ba2   0x08002ba2   0x000000e4   Code   RO         1917    i.UART_Receive_IT   stm32f1xx_hal_uart.o
    0x08002c86   0x08002c86   0x00000002   PAD
    0x08002c88   0x08002c88   0x000000fc   Code   RO         1918    i.UART_SetConfig    stm32f1xx_hal_uart.o
    0x08002d84   0x08002d84   0x00000060   Code   RO         1921    i.UART_Transmit_IT  stm32f1xx_hal_uart.o
    0x08002de4   0x08002de4   0x00000010   Code   RO          194    i.USART2_IRQHandler  stm32f1xx_it.o
    0x08002df4   0x08002df4   0x0000007c   Code   RO         2944    i.USBD_CDC_DataIn   usbd_cdc.o
    0x08002e70   0x08002e70   0x00000034   Code   RO         2945    i.USBD_CDC_DataOut  usbd_cdc.o
    0x08002ea4   0x08002ea4   0x0000004e   Code   RO         2946    i.USBD_CDC_DeInit   usbd_cdc.o
    0x08002ef2   0x08002ef2   0x00000032   Code   RO         2947    i.USBD_CDC_EP0_RxReady  usbd_cdc.o
    0x08002f24   0x08002f24   0x00000010   Code   RO         2948    i.USBD_CDC_GetDeviceQualifierDescriptor  usbd_cdc.o
    0x08002f34   0x08002f34   0x00000010   Code   RO         2949    i.USBD_CDC_GetFSCfgDesc  usbd_cdc.o
    0x08002f44   0x08002f44   0x00000010   Code   RO         2950    i.USBD_CDC_GetHSCfgDesc  usbd_cdc.o
    0x08002f54   0x08002f54   0x00000010   Code   RO         2951    i.USBD_CDC_GetOtherSpeedCfgDesc  usbd_cdc.o
    0x08002f64   0x08002f64   0x000000b8   Code   RO         2952    i.USBD_CDC_Init     usbd_cdc.o
    0x0800301c   0x0800301c   0x0000003a   Code   RO         2953    i.USBD_CDC_ReceivePacket  usbd_cdc.o
    0x08003056   0x08003056   0x0000000e   Code   RO         2954    i.USBD_CDC_RegisterInterface  usbd_cdc.o
    0x08003064   0x08003064   0x0000000e   Code   RO         2955    i.USBD_CDC_SetRxBuffer  usbd_cdc.o
    0x08003072   0x08003072   0x00000014   Code   RO         2956    i.USBD_CDC_SetTxBuffer  usbd_cdc.o
    0x08003086   0x08003086   0x000000f4   Code   RO         2957    i.USBD_CDC_Setup    usbd_cdc.o
    0x0800317a   0x0800317a   0x0000003e   Code   RO         2958    i.USBD_CDC_TransmitPacket  usbd_cdc.o
    0x080031b8   0x080031b8   0x00000016   Code   RO         2651    i.USBD_ClrClassConfig  usbd_core.o
    0x080031ce   0x080031ce   0x0000003e   Code   RO         2789    i.USBD_ClrFeature   usbd_ctlreq.o
    0x0800320c   0x0800320c   0x00000018   Code   RO         2884    i.USBD_CtlContinueRx  usbd_ioreq.o
    0x08003224   0x08003224   0x00000018   Code   RO         2885    i.USBD_CtlContinueSendData  usbd_ioreq.o
    0x0800323c   0x0800323c   0x00000018   Code   RO         2790    i.USBD_CtlError     usbd_ctlreq.o
    0x08003254   0x08003254   0x00000028   Code   RO         2886    i.USBD_CtlPrepareRx  usbd_ioreq.o
    0x0800327c   0x0800327c   0x0000001a   Code   RO         2887    i.USBD_CtlReceiveStatus  usbd_ioreq.o
    0x08003296   0x08003296   0x00000022   Code   RO         2888    i.USBD_CtlSendData  usbd_ioreq.o
    0x080032b8   0x080032b8   0x0000001a   Code   RO         2889    i.USBD_CtlSendStatus  usbd_ioreq.o
    0x080032d2   0x080032d2   0x00000002   PAD
    0x080032d4   0x080032d4   0x00000034   Code   RO         2299    i.USBD_FS_ConfigStrDescriptor  usbd_desc.o
    0x08003308   0x08003308   0x00000010   Code   RO         2300    i.USBD_FS_DeviceDescriptor  usbd_desc.o
    0x08003318   0x08003318   0x00000038   Code   RO         2301    i.USBD_FS_InterfaceStrDescriptor  usbd_desc.o
    0x08003350   0x08003350   0x00000010   Code   RO         2302    i.USBD_FS_LangIDStrDescriptor  usbd_desc.o
    0x08003360   0x08003360   0x0000002c   Code   RO         2303    i.USBD_FS_ManufacturerStrDescriptor  usbd_desc.o
    0x0800338c   0x0800338c   0x00000040   Code   RO         2304    i.USBD_FS_ProductStrDescriptor  usbd_desc.o
    0x080033cc   0x080033cc   0x00000018   Code   RO         2305    i.USBD_FS_SerialStrDescriptor  usbd_desc.o
    0x080033e4   0x080033e4   0x00000056   Code   RO         2791    i.USBD_GetConfig    usbd_ctlreq.o
    0x0800343a   0x0800343a   0x000001f4   Code   RO         2792    i.USBD_GetDescriptor  usbd_ctlreq.o
    0x0800362e   0x0800362e   0x00000014   Code   RO         2793    i.USBD_GetLen       usbd_ctlreq.o
    0x08003642   0x08003642   0x0000005a   Code   RO         2794    i.USBD_GetStatus    usbd_ctlreq.o
    0x0800369c   0x0800369c   0x00000052   Code   RO         2795    i.USBD_GetString    usbd_ctlreq.o
    0x080036ee   0x080036ee   0x0000002c   Code   RO         2453    i.USBD_Get_USB_Status  usbd_conf.o
    0x0800371a   0x0800371a   0x00000032   Code   RO         2653    i.USBD_Init         usbd_core.o
    0x0800374c   0x0800374c   0x00000026   Code   RO         2454    i.USBD_LL_ClearStallEP  usbd_conf.o
    0x08003772   0x08003772   0x00000026   Code   RO         2455    i.USBD_LL_CloseEP   usbd_conf.o
    0x08003798   0x08003798   0x00000100   Code   RO         2654    i.USBD_LL_DataInStage  usbd_core.o
    0x08003898   0x08003898   0x000000a6   Code   RO         2655    i.USBD_LL_DataOutStage  usbd_core.o
    0x0800393e   0x0800393e   0x00000012   Code   RO         2459    i.USBD_LL_GetRxDataSize  usbd_conf.o
    0x08003950   0x08003950   0x00000084   Code   RO         2460    i.USBD_LL_Init      usbd_conf.o
    0x080039d4   0x080039d4   0x00000038   Code   RO         2461    i.USBD_LL_IsStallEP  usbd_conf.o
    0x08003a0c   0x08003a0c   0x00000030   Code   RO         2462    i.USBD_LL_OpenEP    usbd_conf.o
    0x08003a3c   0x08003a3c   0x00000030   Code   RO         2463    i.USBD_LL_PrepareReceive  usbd_conf.o
    0x08003a6c   0x08003a6c   0x0000005c   Code   RO         2660    i.USBD_LL_Reset     usbd_core.o
    0x08003ac8   0x08003ac8   0x00000016   Code   RO         2661    i.USBD_LL_Resume    usbd_core.o
    0x08003ade   0x08003ade   0x00000022   Code   RO         2662    i.USBD_LL_SOF       usbd_core.o
    0x08003b00   0x08003b00   0x00000008   Code   RO         2663    i.USBD_LL_SetSpeed  usbd_core.o
    0x08003b08   0x08003b08   0x00000026   Code   RO         2464    i.USBD_LL_SetUSBAddress  usbd_conf.o
    0x08003b2e   0x08003b2e   0x0000006e   Code   RO         2664    i.USBD_LL_SetupStage  usbd_core.o
    0x08003b9c   0x08003b9c   0x00000026   Code   RO         2465    i.USBD_LL_StallEP   usbd_conf.o
    0x08003bc2   0x08003bc2   0x0000001e   Code   RO         2466    i.USBD_LL_Start     usbd_conf.o
    0x08003be0   0x08003be0   0x00000014   Code   RO         2665    i.USBD_LL_Suspend   usbd_core.o
    0x08003bf4   0x08003bf4   0x00000030   Code   RO         2468    i.USBD_LL_Transmit  usbd_conf.o
    0x08003c24   0x08003c24   0x00000028   Code   RO         2796    i.USBD_ParseSetupRequest  usbd_ctlreq.o
    0x08003c4c   0x08003c4c   0x00000010   Code   RO         2666    i.USBD_RegisterClass  usbd_core.o
    0x08003c5c   0x08003c5c   0x00000006   Code   RO         2667    i.USBD_RunTestMode  usbd_core.o
    0x08003c62   0x08003c62   0x0000005a   Code   RO         2797    i.USBD_SetAddress   usbd_ctlreq.o
    0x08003cbc   0x08003cbc   0x00000022   Code   RO         2668    i.USBD_SetClassConfig  usbd_core.o
    0x08003cde   0x08003cde   0x00000002   PAD
    0x08003ce0   0x08003ce0   0x000000e8   Code   RO         2798    i.USBD_SetConfig    usbd_ctlreq.o
    0x08003dc8   0x08003dc8   0x00000018   Code   RO         2799    i.USBD_SetFeature   usbd_ctlreq.o
    0x08003de0   0x08003de0   0x0000000e   Code   RO         2669    i.USBD_Start        usbd_core.o
    0x08003dee   0x08003dee   0x000000a2   Code   RO         2800    i.USBD_StdDevReq    usbd_ctlreq.o
    0x08003e90   0x08003e90   0x00000238   Code   RO         2801    i.USBD_StdEPReq     usbd_ctlreq.o
    0x080040c8   0x080040c8   0x0000007e   Code   RO         2802    i.USBD_StdItfReq    usbd_ctlreq.o
    0x08004146   0x08004146   0x00000002   Code   RO         2469    i.USBD_static_free  usbd_conf.o
    0x08004148   0x08004148   0x0000000c   Code   RO         2470    i.USBD_static_malloc  usbd_conf.o
    0x08004154   0x08004154   0x0000044c   Code   RO          640    i.USB_ActivateEndpoint  stm32f1xx_ll_usb.o
    0x080045a0   0x080045a0   0x00000008   Code   RO          643    i.USB_CoreInit      stm32f1xx_ll_usb.o
    0x080045a8   0x080045a8   0x0000027c   Code   RO          645    i.USB_DeactivateEndpoint  stm32f1xx_ll_usb.o
    0x08004824   0x08004824   0x00000006   Code   RO          646    i.USB_DevConnect    stm32f1xx_ll_usb.o
    0x0800482a   0x0800482a   0x00000006   Code   RO          647    i.USB_DevDisconnect  stm32f1xx_ll_usb.o
    0x08004830   0x08004830   0x00000016   Code   RO          648    i.USB_DevInit       stm32f1xx_ll_usb.o
    0x08004846   0x08004846   0x00000014   Code   RO          649    i.USB_DisableGlobalInt  stm32f1xx_ll_usb.o
    0x0800485a   0x0800485a   0x00000006   Code   RO          650    i.USB_EP0_OutStart  stm32f1xx_ll_usb.o
    0x08004860   0x08004860   0x000000da   Code   RO          651    i.USB_EPClearStall  stm32f1xx_ll_usb.o
    0x0800493a   0x0800493a   0x0000005c   Code   RO          652    i.USB_EPSetStall    stm32f1xx_ll_usb.o
    0x08004996   0x08004996   0x00000b8a   Code   RO          653    i.USB_EPStartXfer   stm32f1xx_ll_usb.o
    0x08005520   0x08005520   0x00000012   Code   RO          654    i.USB_EnableGlobalInt  stm32f1xx_ll_usb.o
    0x08005532   0x08005532   0x00000002   PAD
    0x08005534   0x08005534   0x00000068   Code   RO          195    i.USB_LP_CAN1_RX0_IRQHandler  stm32f1xx_it.o
    0x0800559c   0x0800559c   0x00000008   Code   RO          661    i.USB_ReadInterrupts  stm32f1xx_ll_usb.o
    0x080055a4   0x080055a4   0x0000004a   Code   RO          662    i.USB_ReadPMA       stm32f1xx_ll_usb.o
    0x080055ee   0x080055ee   0x00000006   Code   RO          663    i.USB_SetCurrentMode  stm32f1xx_ll_usb.o
    0x080055f4   0x080055f4   0x0000000e   Code   RO          664    i.USB_SetDevAddress  stm32f1xx_ll_usb.o
    0x08005602   0x08005602   0x00000042   Code   RO          666    i.USB_WritePMA      stm32f1xx_ll_usb.o
    0x08005644   0x08005644   0x00000004   Code   RO          196    i.UsageFault_Handler  stm32f1xx_it.o
    0x08005648   0x08005648   0x00000010   Code   RO         1313    i.__NVIC_GetPriorityGrouping  stm32f1xx_hal_cortex.o
    0x08005658   0x08005658   0x00000028   Code   RO         1314    i.__NVIC_SetPriority  stm32f1xx_hal_cortex.o
    0x08005680   0x08005680   0x00000018   Code   RO           17    i.main              main.o
    0x08005698   0x08005698   0x000000d8   Code   RO           18    i.usb_irq_parser    main.o
    0x08005770   0x08005770   0x00000028   Code   RO           19    i.xor_handler       main.o
    0x08005798   0x08005798   0x00000018   Data   RO         2231    .constdata          system_stm32f1xx.o
    0x080057b0   0x080057b0   0x00000020   Data   RO         3217    Region$$Table       anon$$obj.o


    Execution Region RW_IRAM1 (Exec base: 0x20000000, Load base: 0x080057d0, Size: 0x000021a8, Max: 0x00005000, ABSOLUTE, COMPRESSED[0x000000c4])

    Exec Addr    Load Addr    Size         Type   Attr      Idx    E Section Name        Object

    0x20000000   COMPRESSED   0x0000000c   Data   RW           21    .data               main.o
    0x2000000c   COMPRESSED   0x00000009   Data   RW          845    .data               stm32f1xx_hal.o
    0x20000015   COMPRESSED   0x00000003   PAD
    0x20000018   COMPRESSED   0x00000004   Data   RW         2232    .data               system_stm32f1xx.o
    0x2000001c   COMPRESSED   0x0000004e   Data   RW         2307    .data               usbd_desc.o
    0x2000006a   COMPRESSED   0x00000002   PAD
    0x2000006c   COMPRESSED   0x00000010   Data   RW         2393    .data               usbd_cdc_if.o
    0x2000007c   COMPRESSED   0x00000001   Data   RW         2803    .data               usbd_ctlreq.o
    0x2000007d   COMPRESSED   0x00000003   PAD
    0x20000080   COMPRESSED   0x0000010f   Data   RW         2959    .data               usbd_cdc.o
    0x2000018f   COMPRESSED   0x00000001   PAD
    0x20000190        -       0x00000814   Zero   RW           20    .bss                main.o
    0x200009a4        -       0x000002c4   Zero   RW         2267    .bss                usb_device.o
    0x20000c68        -       0x00000200   Zero   RW         2306    .bss                usbd_desc.o
    0x20000e68        -       0x000007d0   Zero   RW         2392    .bss                usbd_cdc_if.o
    0x20001638        -       0x0000050c   Zero   RW         2471    .bss                usbd_conf.o
    0x20001b44        -       0x00000060   Zero   RW         3089    .bss                c_w.l(libspace.o)
    0x20001ba4   COMPRESSED   0x00000004   PAD
    0x20001ba8        -       0x00000200   Zero   RW            2    HEAP                startup_stm32f103xb.o
    0x20001da8        -       0x00000400   Zero   RW            1    STACK               startup_stm32f103xb.o


==============================================================================

Image component sizes


      Code (inc. data)   RO Data    RW Data    ZI Data      Debug   Object Name

       710         74          0         12       2068     416346   main.o
        64         26        236          0       1536        804   startup_stm32f103xb.o
       152         32          0          9          0       5221   stm32f1xx_hal.o
       304         22          0          0          0      29351   stm32f1xx_hal_cortex.o
       262          4          0          0          0       1731   stm32f1xx_hal_dma.o
       832         34          0          0          0       3253   stm32f1xx_hal_gpio.o
       232         20          0          0          0       1577   stm32f1xx_hal_msp.o
      4304          0          0          0          0      14441   stm32f1xx_hal_pcd.o
        68          0          0          0          0       1158   stm32f1xx_hal_pcd_ex.o
      1784        110          0          0          0       5936   stm32f1xx_hal_rcc.o
       304         14          0          0          0       1380   stm32f1xx_hal_rcc_ex.o
      1392         10          0          0          0       8340   stm32f1xx_hal_uart.o
       154         18          0          0          0       6566   stm32f1xx_it.o
      5254          0          0          0          0      19367   stm32f1xx_ll_usb.o
         2          0         24          4          0       1095   system_stm32f1xx.o
        76         16          0          0        708        744   usb_device.o
       964         24          0        271          0      12866   usbd_cdc.o
       228         30          0         16       2000       3444   usbd_cdc_if.o
       842         30          0          0       1292      14621   usbd_conf.o
       850          0          0          0          0       9791   usbd_core.o
      2106         28          0          1          0      10544   usbd_ctlreq.o
       386        122          0         78        512       6501   usbd_desc.o
       174          0          0          0          0       4472   usbd_ioreq.o

    ----------------------------------------------------------------------
     21462        614        292        400       8116     579549   Object Totals
         0          0         32          0          0          0   (incl. Generated)
        18          0          0          9          0          0   (incl. Padding)

    ----------------------------------------------------------------------

      Code (inc. data)   RO Data    RW Data    ZI Data      Debug   Library Member Name

        90          0          0          0          0          0   __dczerorl2.o
         8          0          0          0          0         68   __main.o
         0          0          0          0          0          0   __rtentry.o
        12          0          0          0          0          0   __rtentry2.o
         6          0          0          0          0          0   __rtentry4.o
        52          8          0          0          0          0   __scatter.o
        28          0          0          0          0          0   __scatter_zi.o
        18          0          0          0          0         80   exit.o
         6          0          0          0          0        152   heapauxi.o
         0          0          0          0          0          0   indicate_semi.o
         2          0          0          0          0          0   libinit.o
         2          0          0          0          0          0   libinit2.o
         2          0          0          0          0          0   libshutdown.o
         2          0          0          0          0          0   libshutdown2.o
         8          4          0          0         96         68   libspace.o
        68          0          0          0          0         68   rt_memclr.o
        78          0          0          0          0         80   rt_memclr_w.o
       138          0          0          0          0         68   rt_memcpy_v6.o
       100          0          0          0          0         80   rt_memcpy_w.o
         2          0          0          0          0          0   rtexit.o
        10          0          0          0          0          0   rtexit2.o
        12          4          0          0          0         68   sys_exit.o
        74          0          0          0          0         80   sys_stackheap_outer.o
         2          0          0          0          0         68   use_no_semi.o

    ----------------------------------------------------------------------
       726         16          0          0        100        880   Library Totals
         6          0          0          0          4          0   (incl. Padding)

    ----------------------------------------------------------------------

      Code (inc. data)   RO Data    RW Data    ZI Data      Debug   Library Name

       720         16          0          0         96        880   c_w.l

    ----------------------------------------------------------------------
       726         16          0          0        100        880   Library Totals

    ----------------------------------------------------------------------

==============================================================================


      Code (inc. data)   RO Data    RW Data    ZI Data      Debug   

     22188        630        292        400       8216     571273   Grand Totals
     22188        630        292        196       8216     571273   ELF Image Totals (compressed)
     22188        630        292        196          0          0   ROM Totals

==============================================================================

    Total RO  Size (Code + RO Data)                22480 (  21.95kB)
    Total RW  Size (RW Data + ZI Data)              8616 (   8.41kB)
    Total ROM Size (Code + RO Data + RW Data)      22676 (  22.14kB)

==============================================================================

